Archive member included to satisfy reference by file (symbol)

/opt/gcc-arm-none-eabi-9-2020-q2/bin/../lib/gcc/arm-none-eabi/9.3.1/../../../../arm-none-eabi/lib/thumb/v7e-m+fp/hard/libstdc++_nano.a(atexit_arm.o)
                              build/text_transform.o (__aeabi_atexit)
/opt/gcc-arm-none-eabi-9-2020-q2/bin/../lib/gcc/arm-none-eabi/9.3.1/../../../../arm-none-eabi/lib/thumb/v7e-m+fp/hard/libstdc++_nano.a(class_type_info.o)
                              build/main.o (vtable for __cxxabiv1::__class_type_info)
/opt/gcc-arm-none-eabi-9-2020-q2/bin/../lib/gcc/arm-none-eabi/9.3.1/../../../../arm-none-eabi/lib/thumb/v7e-m+fp/hard/libstdc++_nano.a(del_op.o)
                              build/main.o (operator delete(void*))
/opt/gcc-arm-none-eabi-9-2020-q2/bin/../lib/gcc/arm-none-eabi/9.3.1/../../../../arm-none-eabi/lib/thumb/v7e-m+fp/hard/libstdc++_nano.a(del_ops.o)
                              build/main.o (operator delete(void*, unsigned int))
/opt/gcc-arm-none-eabi-9-2020-q2/bin/../lib/gcc/arm-none-eabi/9.3.1/../../../../arm-none-eabi/lib/thumb/v7e-m+fp/hard/libstdc++_nano.a(new_op.o)
                              build/main.o (operator new(unsigned int))
/opt/gcc-arm-none-eabi-9-2020-q2/bin/../lib/gcc/arm-none-eabi/9.3.1/../../../../arm-none-eabi/lib/thumb/v7e-m+fp/hard/libstdc++_nano.a(pure.o)
                              build/mcu.o (__cxa_pure_virtual)
/opt/gcc-arm-none-eabi-9-2020-q2/bin/../lib/gcc/arm-none-eabi/9.3.1/../../../../arm-none-eabi/lib/thumb/v7e-m+fp/hard/libstdc++_nano.a(si_class_type_info.o)
                              build/main.o (vtable for __cxxabiv1::__si_class_type_info)
/opt/gcc-arm-none-eabi-9-2020-q2/bin/../lib/gcc/arm-none-eabi/9.3.1/../../../../arm-none-eabi/lib/thumb/v7e-m+fp/hard/libstdc++_nano.a(tinfo.o)
                              /opt/gcc-arm-none-eabi-9-2020-q2/bin/../lib/gcc/arm-none-eabi/9.3.1/../../../../arm-none-eabi/lib/thumb/v7e-m+fp/hard/libstdc++_nano.a(class_type_info.o) (std::type_info::~type_info())
/opt/gcc-arm-none-eabi-9-2020-q2/bin/../lib/gcc/arm-none-eabi/9.3.1/../../../../arm-none-eabi/lib/thumb/v7e-m+fp/hard/libstdc++_nano.a(list.o)
                              build/tasker.o (std::__detail::_List_node_base::swap(std::__detail::_List_node_base&, std::__detail::_List_node_base&))
/opt/gcc-arm-none-eabi-9-2020-q2/bin/../lib/gcc/arm-none-eabi/9.3.1/../../../../arm-none-eabi/lib/thumb/v7e-m+fp/hard/libstdc++_nano.a(tree.o)
                              build/device.o (std::_Rb_tree_increment(std::_Rb_tree_node_base*))
/opt/gcc-arm-none-eabi-9-2020-q2/bin/../lib/gcc/arm-none-eabi/9.3.1/../../../../arm-none-eabi/lib/thumb/v7e-m+fp/hard/libstdc++_nano.a(functexcept.o)
                              build/main.o (std::__throw_bad_alloc())
/opt/gcc-arm-none-eabi-9-2020-q2/bin/../lib/gcc/arm-none-eabi/9.3.1/../../../../arm-none-eabi/lib/thumb/v7e-m+fp/hard/libstdc++_nano.a(snprintf_lite.o)
                              /opt/gcc-arm-none-eabi-9-2020-q2/bin/../lib/gcc/arm-none-eabi/9.3.1/../../../../arm-none-eabi/lib/thumb/v7e-m+fp/hard/libstdc++_nano.a(functexcept.o) (__gnu_cxx::__snprintf_lite(char*, unsigned int, char const*, std::__va_list))
/opt/gcc-arm-none-eabi-9-2020-q2/bin/../lib/gcc/arm-none-eabi/9.3.1/../../../../arm-none-eabi/lib/thumb/v7e-m+fp/hard/libstdc++_nano.a(string-inst.o)
                              build/main.o (std::__cxx11::basic_string<char, std::char_traits<char>, std::allocator<char> >::_M_create(unsigned int&, unsigned int))
/opt/gcc-arm-none-eabi-9-2020-q2/bin/../lib/gcc/arm-none-eabi/9.3.1/../../../../arm-none-eabi/lib/thumb/v7e-m+fp/hard/libstdc++_nano.a(eh_terminate.o)
                              /opt/gcc-arm-none-eabi-9-2020-q2/bin/../lib/gcc/arm-none-eabi/9.3.1/../../../../arm-none-eabi/lib/thumb/v7e-m+fp/hard/libstdc++_nano.a(pure.o) (std::terminate())
/opt/gcc-arm-none-eabi-9-2020-q2/bin/../lib/gcc/arm-none-eabi/9.3.1/../../../../arm-none-eabi/lib/thumb/v7e-m+fp/hard/libstdc++_nano.a(eh_unex_handler.o)
                              /opt/gcc-arm-none-eabi-9-2020-q2/bin/../lib/gcc/arm-none-eabi/9.3.1/../../../../arm-none-eabi/lib/thumb/v7e-m+fp/hard/libstdc++_nano.a(eh_terminate.o) (__cxxabiv1::__unexpected_handler)
/opt/gcc-arm-none-eabi-9-2020-q2/bin/../lib/gcc/arm-none-eabi/9.3.1/../../../../arm-none-eabi/lib/thumb/v7e-m+fp/hard/libstdc++_nano.a(new_handler.o)
                              /opt/gcc-arm-none-eabi-9-2020-q2/bin/../lib/gcc/arm-none-eabi/9.3.1/../../../../arm-none-eabi/lib/thumb/v7e-m+fp/hard/libstdc++_nano.a(new_op.o) (std::get_new_handler())
/opt/gcc-arm-none-eabi-9-2020-q2/bin/../lib/gcc/arm-none-eabi/9.3.1/../../../../arm-none-eabi/lib/thumb/v7e-m+fp/hard/libstdc++_nano.a(eh_term_handler.o)
                              /opt/gcc-arm-none-eabi-9-2020-q2/bin/../lib/gcc/arm-none-eabi/9.3.1/../../../../arm-none-eabi/lib/thumb/v7e-m+fp/hard/libstdc++_nano.a(eh_terminate.o) (__cxxabiv1::__terminate_handler)
[...]
Memory Configuration

Name             Origin             Length             Attributes
RAM              0x0000000020000000 0x0000000000028000 xrw
FLASH            0x0000000008000000 0x0000000000080000 xr
*default*        0x0000000000000000 0xffffffffffffffff

Linker script and memory map

LOAD /opt/gcc-arm-none-eabi-9-2020-q2/bin/../lib/gcc/arm-none-eabi/9.3.1/thumb/v7e-m+fp/hard/crti.o
LOAD /opt/gcc-arm-none-eabi-9-2020-q2/bin/../lib/gcc/arm-none-eabi/9.3.1/thumb/v7e-m+fp/hard/crtbegin.o
LOAD /opt/gcc-arm-none-eabi-9-2020-q2/bin/../lib/gcc/arm-none-eabi/9.3.1/../../../../arm-none-eabi/lib/thumb/v7e-m+fp/hard/crt0.o
LOAD build/main.o
LOAD build/stm32l4xx_it.o
LOAD build/stm32l4xx_hal_msp.o
LOAD build/stm32l4xx_hal_adc.o
LOAD build/stm32l4xx_hal_adc_ex.o
LOAD build/stm32l4xx_hal.o
LOAD build/stm32l4xx_hal_i2c.o
LOAD build/stm32l4xx_hal_i2c_ex.o
LOAD build/stm32l4xx_hal_rcc.o
LOAD build/stm32l4xx_hal_rcc_ex.o
LOAD build/stm32l4xx_hal_flash.o
LOAD build/stm32l4xx_hal_flash_ex.o
LOAD build/stm32l4xx_hal_flash_ramfunc.o
LOAD build/stm32l4xx_hal_gpio.o
LOAD build/stm32l4xx_hal_dma.o
LOAD build/stm32l4xx_hal_dma_ex.o
LOAD build/stm32l4xx_hal_pwr.o
LOAD build/stm32l4xx_hal_pwr_ex.o
LOAD build/stm32l4xx_hal_cortex.o
LOAD build/stm32l4xx_hal_exti.o
LOAD build/stm32l4xx_hal_spi.o
LOAD build/stm32l4xx_hal_spi_ex.o
LOAD build/stm32l4xx_hal_tim.o
LOAD build/stm32l4xx_hal_tim_ex.o
LOAD build/stm32l4xx_hal_uart.o
LOAD build/stm32l4xx_hal_uart_ex.o
LOAD build/stm32l4xx_hal_pcd.o
LOAD build/stm32l4xx_hal_pcd_ex.o
LOAD build/stm32l4xx_ll_usb.o
LOAD build/system_stm32l4xx.o
LOAD build/usb_device.o
LOAD build/usbd_conf.o
LOAD build/usbd_desc.o
LOAD build/usbd_cdc_if.o
LOAD build/usbd_core.o
LOAD build/usbd_ctlreq.o
LOAD build/usbd_ioreq.o
LOAD build/usbd_cdc.o
LOAD build/cli.o
LOAD build/command.o
LOAD build/history.o
LOAD build/device.o
LOAD build/tool.o
LOAD build/planner.o
LOAD build/planner_phase.o
LOAD build/directory.o
LOAD build/entry.o
LOAD build/executable.o
LOAD build/file.o
LOAD build/filesystem.o
LOAD build/global_includes.o
LOAD build/globals.o
LOAD build/pin.o
LOAD build/pin_irq.o
LOAD build/irq_handler.o
LOAD build/irq_multi_handler.o
LOAD build/irq_observer.o
LOAD build/config.o
LOAD build/externs.o
LOAD build/settings.o
LOAD build/mcu.o
LOAD build/invocation_wrapper.o
LOAD build/logger.o
LOAD build/text_transform.o
LOAD build/timer.o
LOAD build/TIM_channel.o
LOAD build/tasker.o
LOAD build/tasker_event.o
LOAD build/serial_line.o
LOAD build/uart.o
LOAD build/cdc_vcp.o
LOAD build/startup_stm32l452xx.o
LOAD /opt/gcc-arm-none-eabi-9-2020-q2/bin/../lib/gcc/arm-none-eabi/9.3.1/../../../../arm-none-eabi/lib/thumb/v7e-m+fp/hard/libnosys.a
LOAD /opt/gcc-arm-none-eabi-9-2020-q2/bin/../lib/gcc/arm-none-eabi/9.3.1/../../../../arm-none-eabi/lib/thumb/v7e-m+fp/hard/libstdc++_nano.a
LOAD /opt/gcc-arm-none-eabi-9-2020-q2/bin/../lib/gcc/arm-none-eabi/9.3.1/../../../../arm-none-eabi/lib/thumb/v7e-m+fp/hard/libm.a
LOAD /opt/gcc-arm-none-eabi-9-2020-q2/bin/../lib/gcc/arm-none-eabi/9.3.1/../../../../arm-none-eabi/lib/thumb/v7e-m+fp/hard/libc_nano.a
START GROUP
LOAD /opt/gcc-arm-none-eabi-9-2020-q2/bin/../lib/gcc/arm-none-eabi/9.3.1/thumb/v7e-m+fp/hard/libgcc.a
LOAD /opt/gcc-arm-none-eabi-9-2020-q2/bin/../lib/gcc/arm-none-eabi/9.3.1/../../../../arm-none-eabi/lib/thumb/v7e-m+fp/hard/libc_nano.a
END GROUP
START GROUP
LOAD /opt/gcc-arm-none-eabi-9-2020-q2/bin/../lib/gcc/arm-none-eabi/9.3.1/thumb/v7e-m+fp/hard/libgcc.a
LOAD /opt/gcc-arm-none-eabi-9-2020-q2/bin/../lib/gcc/arm-none-eabi/9.3.1/../../../../arm-none-eabi/lib/thumb/v7e-m+fp/hard/libc_nano.a
LOAD /opt/gcc-arm-none-eabi-9-2020-q2/bin/../lib/gcc/arm-none-eabi/9.3.1/../../../../arm-none-eabi/lib/thumb/v7e-m+fp/hard/libnosys.a
END GROUP
START GROUP
LOAD /opt/gcc-arm-none-eabi-9-2020-q2/bin/../lib/gcc/arm-none-eabi/9.3.1/thumb/v7e-m+fp/hard/libgcc.a
LOAD /opt/gcc-arm-none-eabi-9-2020-q2/bin/../lib/gcc/arm-none-eabi/9.3.1/../../../../arm-none-eabi/lib/thumb/v7e-m+fp/hard/libc_nano.a
LOAD /opt/gcc-arm-none-eabi-9-2020-q2/bin/../lib/gcc/arm-none-eabi/9.3.1/../../../../arm-none-eabi/lib/thumb/v7e-m+fp/hard/libnosys.a
END GROUP
LOAD /opt/gcc-arm-none-eabi-9-2020-q2/bin/../lib/gcc/arm-none-eabi/9.3.1/thumb/v7e-m+fp/hard/crtend.o
LOAD /opt/gcc-arm-none-eabi-9-2020-q2/bin/../lib/gcc/arm-none-eabi/9.3.1/thumb/v7e-m+fp/hard/crtn.o
                0x0000000020028000                _estack = 0x20028000
                0x0000000000000200                _Min_Heap_Size = 0x200
                0x0000000000000400                _Min_Stack_Size = 0x400

.isr_vector     0x0000000008000000      0x198
                0x0000000008000000                . = ALIGN (0x8)
 *(.isr_vector)
 .isr_vector    0x0000000008000000      0x194 build/startup_stm32l452xx.o
                0x0000000008000000                g_pfnVectors
                0x0000000008000198                . = ALIGN (0x8)
 *fill*         0x0000000008000194        0x4 

.text           0x00000000080001a0    0x10998
                0x00000000080001a0                . = ALIGN (0x8)
 *(.text)
 .text          0x00000000080001a0       0x40 /opt/gcc-arm-none-eabi-9-2020-q2/bin/../lib/gcc/arm-none-eabi/9.3.1/thumb/v7e-m+fp/hard/crtbegin.o
 .text          0x00000000080001e0       0xa0 /opt/gcc-arm-none-eabi-9-2020-q2/bin/../lib/gcc/arm-none-eabi/9.3.1/../../../../arm-none-eabi/lib/thumb/v7e-m+fp/hard/libc_nano.a(lib_a-memchr.o)
                0x00000000080001e0                memchr
 .text          0x0000000008000280       0x14 /opt/gcc-arm-none-eabi-9-2020-q2/bin/../lib/gcc/arm-none-eabi/9.3.1/../../../../arm-none-eabi/lib/thumb/v7e-m+fp/hard/libc_nano.a(lib_a-strcmp.o)
                0x0000000008000280                strcmp
 .text          0x0000000008000294       0x10 /opt/gcc-arm-none-eabi-9-2020-q2/bin/../lib/gcc/arm-none-eabi/9.3.1/../../../../arm-none-eabi/lib/thumb/v7e-m+fp/hard/libc_nano.a(lib_a-strlen.o)
                0x0000000008000294                strlen
 .text          0x00000000080002a4      0x378 /opt/gcc-arm-none-eabi-9-2020-q2/bin/../lib/gcc/arm-none-eabi/9.3.1/thumb/v7e-m+fp/hard/libgcc.a(_arm_addsubdf3.o)
                0x00000000080002a4                __aeabi_drsub
                0x00000000080002ac                __aeabi_dsub
                0x00000000080002ac                __subdf3
                0x00000000080002b0                __adddf3
                0x00000000080002b0                __aeabi_dadd
                0x0000000008000528                __aeabi_ui2d
                0x0000000008000528                __floatunsidf
                0x0000000008000548                __floatsidf
                0x0000000008000548                __aeabi_i2d
                0x000000000800056c                __extendsfdf2
                0x000000000800056c                __aeabi_f2d
                0x00000000080005b0                __aeabi_ul2d
                0x00000000080005b0                __floatundidf
                0x00000000080005c0                __floatdidf
                0x00000000080005c0                __aeabi_l2d
 .text          0x000000000800061c      0x424 /opt/gcc-arm-none-eabi-9-2020-q2/bin/../lib/gcc/arm-none-eabi/9.3.1/thumb/v7e-m+fp/hard/libgcc.a(_arm_muldivdf3.o)
                0x000000000800061c                __aeabi_dmul
                0x000000000800061c                __muldf3
                0x0000000008000870                __aeabi_ddiv
                0x0000000008000870                __divdf3
 .text          0x0000000008000a40      0x110 /opt/gcc-arm-none-eabi-9-2020-q2/bin/../lib/gcc/arm-none-eabi/9.3.1/thumb/v7e-m+fp/hard/libgcc.a(_arm_cmpdf2.o)
                0x0000000008000a40                __gtdf2
                0x0000000008000a40                __gedf2
                0x0000000008000a48                __ltdf2
                0x0000000008000a48                __ledf2
                0x0000000008000a50                __cmpdf2
                0x0000000008000a50                __eqdf2
                0x0000000008000a50                __nedf2
                0x0000000008000acc                __aeabi_cdrcmple
                0x0000000008000adc                __aeabi_cdcmple
                0x0000000008000adc                __aeabi_cdcmpeq
                0x0000000008000aec                __aeabi_dcmpeq
                0x0000000008000b00                __aeabi_dcmplt
                0x0000000008000b14                __aeabi_dcmple
                0x0000000008000b28                __aeabi_dcmpge
                0x0000000008000b3c                __aeabi_dcmpgt
 .text          0x0000000008000b50       0x2c /opt/gcc-arm-none-eabi-9-2020-q2/bin/../lib/gcc/arm-none-eabi/9.3.1/thumb/v7e-m+fp/hard/libgcc.a(_arm_unorddf2.o)
                0x0000000008000b50                __aeabi_dcmpun
                0x0000000008000b50                __unorddf2
 .text          0x0000000008000b7c       0x50 /opt/gcc-arm-none-eabi-9-2020-q2/bin/../lib/gcc/arm-none-eabi/9.3.1/thumb/v7e-m+fp/hard/libgcc.a(_arm_fixdfsi.o)
                0x0000000008000b7c                __fixdfsi
                0x0000000008000b7c                __aeabi_d2iz
 .text          0x0000000008000bcc       0xa0 /opt/gcc-arm-none-eabi-9-2020-q2/bin/../lib/gcc/arm-none-eabi/9.3.1/thumb/v7e-m+fp/hard/libgcc.a(_arm_truncdfsf2.o)
                0x0000000008000bcc                __aeabi_d2f
                0x0000000008000bcc                __truncdfsf2
 .text          0x0000000008000c6c      0x21c /opt/gcc-arm-none-eabi-9-2020-q2/bin/../lib/gcc/arm-none-eabi/9.3.1/thumb/v7e-m+fp/hard/libgcc.a(_arm_addsubsf3.o)
                0x0000000008000c6c                __aeabi_frsub
                0x0000000008000c74                __subsf3
                0x0000000008000c74                __aeabi_fsub
                0x0000000008000c78                __aeabi_fadd
                0x0000000008000c78                __addsf3
                0x0000000008000dd8                __aeabi_ui2f
                0x0000000008000dd8                __floatunsisf
                0x0000000008000de0                __aeabi_i2f
                0x0000000008000de0                __floatsisf
                0x0000000008000dfc                __floatundisf
                0x0000000008000dfc                __aeabi_ul2f
                0x0000000008000e0c                __floatdisf
                0x0000000008000e0c                __aeabi_l2f
 .text          0x0000000008000e88       0x30 /opt/gcc-arm-none-eabi-9-2020-q2/bin/../lib/gcc/arm-none-eabi/9.3.1/thumb/v7e-m+fp/hard/libgcc.a(_aeabi_uldivmod.o)
                0x0000000008000e88                __aeabi_uldivmod
 .text          0x0000000008000eb8      0x2c4 /opt/gcc-arm-none-eabi-9-2020-q2/bin/../lib/gcc/arm-none-eabi/9.3.1/thumb/v7e-m+fp/hard/libgcc.a(_udivmoddi4.o)
                0x0000000008000eb8                __udivmoddi4
 .text          0x000000000800117c        0x4 /opt/gcc-arm-none-eabi-9-2020-q2/bin/../lib/gcc/arm-none-eabi/9.3.1/thumb/v7e-m+fp/hard/libgcc.a(_dvmd_tls.o)
                0x000000000800117c                __aeabi_ldiv0
                0x000000000800117c                __aeabi_idiv0
 *(.text*)
 .text._ZN18Invocation_wrapperI3CLIiNSt7__cxx1112basic_stringIcSt11char_traitsIcESaIcEEEED2Ev
                0x0000000008001180        0x2 build/main.o
                0x0000000008001180                Invocation_wrapper<CLI, int, std::__cxx11::basic_string<char, std::char_traits<char>, std::allocator<char> > >::~Invocation_wrapper()
                0x0000000008001180                Invocation_wrapper<CLI, int, std::__cxx11::basic_string<char, std::char_traits<char>, std::allocator<char> > >::~Invocation_wrapper()
 .text._ZNK18Invocation_wrapperI3CLIiNSt7__cxx1112basic_stringIcSt11char_traitsIcESaIcEEEEeqERK23Invocation_wrapper_baseIiS6_E
                0x0000000008001182       0x5a build/main.o
                0x0000000008001182                Invocation_wrapper<CLI, int, std::__cxx11::basic_string<char, std::char_traits<char>, std::allocator<char> > >::operator==(Invocation_wrapper_base<int, std::__cxx11::basic_string<char, std::char_traits<char>, std::allocator<char> > > const&) const
 .text._ZL12MX_GPIO_Initv
                0x00000000080011dc      0x144 build/main.o
 .text._ZL12MX_ADC1_Initv
                0x0000000008001320       0x70 build/main.o
 .text._ZL12MX_SPI2_Initv
                0x0000000008001390       0x44 build/main.o
 .text._ZL12MX_TIM2_Initv
                0x00000000080013d4       0x54 build/main.o
 .text._ZL12MX_TIM3_Initv
                0x0000000008001428       0x84 build/main.o
 .text._ZL19MX_USART2_UART_Initv
                0x00000000080014ac       0x30 build/main.o
 .text._ZL12MX_I2C2_Initv
                0x00000000080014dc       0x44 build/main.o
 .text._ZN18Invocation_wrapperI3CLIiNSt7__cxx1112basic_stringIcSt11char_traitsIcESaIcEEEED0Ev
                0x0000000008001520        0xe build/main.o
                0x0000000008001520                Invocation_wrapper<CLI, int, std::__cxx11::basic_string<char, std::char_traits<char>, std::allocator<char> > >::~Invocation_wrapper()
 .text.SystemClock_Config
                0x000000000800152e       0x9c build/main.o
                0x000000000800152e                SystemClock_Config
 .text.Error_Handler
                0x00000000080015ca        0x2 build/main.o
                0x00000000080015ca                Error_Handler
 .text._ZNSt6vectorIP23Invocation_wrapper_baseIiNSt7__cxx1112basic_stringIcSt11char_traitsIcESaIcEEEESaIS8_EE17_M_realloc_insertIJRP18Invocation_wrapperI3CLIiS6_EEEEvN9__gnu_cxx17__normal_iteratorIPS8_SA_EEDpOT_
                0x00000000080015cc       0xcc build/main.o
                0x00000000080015cc                void std::vector<Invocation_wrapper_base<int, std::__cxx11::basic_string<char, std::char_traits<char>, std::allocator<char> > >*, std::allocator<Invocation_wrapper_base<int, std::__cxx11::basic_string<char, std::char_traits<char>, std::allocator<char> > >*> >::_M_realloc_insert<Invocation_wrapper<CLI, int, std::__cxx11::basic_string<char, std::char_traits<char>, std::allocator<char> > >*&>(__gnu_cxx::__normal_iterator<Invocation_wrapper_base<int, std::__cxx11::basic_string<char, std::char_traits<char>, std::allocator<char> > >**, std::vector<Invocation_wrapper_base<int, std::__cxx11::basic_string<char, std::char_traits<char>, std::allocator<char> > >*, std::allocator<Invocation_wrapper_base<int, std::__cxx11::basic_string<char, std::char_traits<char>, std::allocator<char> > >*> > >, Invocation_wrapper<CLI, int, std::__cxx11::basic_string<char, std::char_traits<char>, std::allocator<char> > >*&)
 .text._ZNSt6vectorIP23Invocation_wrapper_baseIiNSt7__cxx1112basic_stringIcSt11char_traitsIcESaIcEEEESaIS8_EE12emplace_backIJRP18Invocation_wrapperI3CLIiS6_EEEERS8_DpOT_
                0x0000000008001698       0x26 build/main.o
                0x0000000008001698                Invocation_wrapper_base<int, std::__cxx11::basic_string<char, std::char_traits<char>, std::allocator<char> > >*& std::vector<Invocation_wrapper_base<int, std::__cxx11::basic_string<char, std::char_traits<char>, std::allocator<char> > >*, std::allocator<Invocation_wrapper_base<int, std::__cxx11::basic_string<char, std::char_traits<char>, std::allocator<char> > >*> >::emplace_back<Invocation_wrapper<CLI, int, std::__cxx11::basic_string<char, std::char_traits<char>, std::allocator<char> > >*&>(Invocation_wrapper<CLI, int, std::__cxx11::basic_string<char, std::char_traits<char>, std::allocator<char> > >*&)
 *fill*         0x00000000080016be        0x2 
 .text._ZNSt7__cxx1112basic_stringIcSt11char_traitsIcESaIcEE12_M_constructIPKcEEvT_S8_St20forward_iterator_tag
                0x00000000080016c0       0x58 build/main.o
                0x00000000080016c0                void std::__cxx11::basic_string<char, std::char_traits<char>, std::allocator<char> >::_M_construct<char const*>(char const*, char const*, std::forward_iterator_tag)
 .text.main     0x0000000008001718      0x13c build/main.o
                0x0000000008001718                main
 .text._ZNSt7__cxx1112basic_stringIcSt11char_traitsIcESaIcEE12_M_constructIPcEEvT_S7_St20forward_iterator_tag
                0x0000000008001854       0x58 build/main.o
                0x0000000008001854                void std::__cxx11::basic_string<char, std::char_traits<char>, std::allocator<char> >::_M_construct<char*>(char*, char*, std::forward_iterator_tag)
 .text._ZNK18Invocation_wrapperI3CLIiNSt7__cxx1112basic_stringIcSt11char_traitsIcESaIcEEEE6InvokeES6_
                0x00000000080018ac       0x52 build/main.o
                0x00000000080018ac                Invocation_wrapper<CLI, int, std::__cxx11::basic_string<char, std::char_traits<char>, std::allocator<char> > >::Invoke(std::__cxx11::basic_string<char, std::char_traits<char>, std::allocator<char> >) const
 .text.NMI_Handler
                0x00000000080018fe        0x2 build/stm32l4xx_it.o
                0x00000000080018fe                NMI_Handler
 .text.HardFault_Handler
                0x0000000008001900        0x2 build/stm32l4xx_it.o
                0x0000000008001900                HardFault_Handler
 .text.MemManage_Handler
                0x0000000008001902        0x2 build/stm32l4xx_it.o
                0x0000000008001902                MemManage_Handler
 .text.BusFault_Handler
                0x0000000008001904        0x2 build/stm32l4xx_it.o
                0x0000000008001904                BusFault_Handler
 .text.UsageFault_Handler
                0x0000000008001906        0x2 build/stm32l4xx_it.o
                0x0000000008001906                UsageFault_Handler
 .text.SVC_Handler
                0x0000000008001908        0x2 build/stm32l4xx_it.o
                0x0000000008001908                SVC_Handler
 .text.DebugMon_Handler
                0x000000000800190a        0x2 build/stm32l4xx_it.o
                0x000000000800190a                DebugMon_Handler
 .text.PendSV_Handler
                0x000000000800190c        0x2 build/stm32l4xx_it.o
                0x000000000800190c                PendSV_Handler
 .text.SysTick_Handler
                0x000000000800190e        0x8 build/stm32l4xx_it.o
                0x000000000800190e                SysTick_Handler
 *fill*         0x0000000008001916        0x2 
 .text.USART2_IRQHandler
                0x0000000008001918       0x10 build/stm32l4xx_it.o
                0x0000000008001918                USART2_IRQHandler
 .text.USB_IRQHandler
                0x0000000008001928       0x10 build/stm32l4xx_it.o
                0x0000000008001928                USB_IRQHandler
 .text.HAL_MspInit
                0x0000000008001938       0x30 build/stm32l4xx_hal_msp.o
                0x0000000008001938                HAL_MspInit
 .text.HAL_ADC_MspInit
                0x0000000008001968       0x68 build/stm32l4xx_hal_msp.o
                0x0000000008001968                HAL_ADC_MspInit
 .text.HAL_I2C_MspInit
                0x00000000080019d0       0x70 build/stm32l4xx_hal_msp.o
                0x00000000080019d0                HAL_I2C_MspInit
 .text.HAL_SPI_MspInit
                0x0000000008001a40       0x70 build/stm32l4xx_hal_msp.o
                0x0000000008001a40                HAL_SPI_MspInit
 .text.HAL_TIM_Base_MspInit
                0x0000000008001ab0       0x4c build/stm32l4xx_hal_msp.o
                0x0000000008001ab0                HAL_TIM_Base_MspInit
 .text.HAL_TIM_MspPostInit
                0x0000000008001afc       0x58 build/stm32l4xx_hal_msp.o
                0x0000000008001afc                HAL_TIM_MspPostInit
 .text.HAL_UART_MspInit
                0x0000000008001b54       0x78 build/stm32l4xx_hal_msp.o
                0x0000000008001b54                HAL_UART_MspInit
 .text.HAL_ADC_Init
                0x0000000008001bcc      0x1dc build/stm32l4xx_hal_adc.o
                0x0000000008001bcc                HAL_ADC_Init
 .text.HAL_ADC_ConfigChannel
                0x0000000008001da8      0x4c0 build/stm32l4xx_hal_adc.o
                0x0000000008001da8                HAL_ADC_ConfigChannel
 .text.HAL_InitTick
                0x0000000008002268       0x50 build/stm32l4xx_hal.o
                0x0000000008002268                HAL_InitTick
 .text.HAL_Init
                0x00000000080022b8       0x1e build/stm32l4xx_hal.o
                0x00000000080022b8                HAL_Init
 *fill*         0x00000000080022d6        0x2 
 .text.HAL_IncTick
                0x00000000080022d8       0x18 build/stm32l4xx_hal.o
                0x00000000080022d8                HAL_IncTick
 .text.HAL_GetTick
                0x00000000080022f0        0xc build/stm32l4xx_hal.o
                0x00000000080022f0                HAL_GetTick
 .text.HAL_Delay
                0x00000000080022fc       0x28 build/stm32l4xx_hal.o
                0x00000000080022fc                HAL_Delay
 .text.HAL_I2C_Init
                0x0000000008002324       0xbc build/stm32l4xx_hal_i2c.o
                0x0000000008002324                HAL_I2C_Init
 .text.HAL_I2CEx_ConfigAnalogFilter
                0x00000000080023e0       0x5c build/stm32l4xx_hal_i2c_ex.o
                0x00000000080023e0                HAL_I2CEx_ConfigAnalogFilter
 .text.HAL_I2CEx_ConfigDigitalFilter
                0x000000000800243c       0x58 build/stm32l4xx_hal_i2c_ex.o
                0x000000000800243c                HAL_I2CEx_ConfigDigitalFilter
 .text.RCC_SetFlashLatencyFromMSIRange
                0x0000000008002494       0x90 build/stm32l4xx_hal_rcc.o
 .text.HAL_RCC_GetSysClockFreq
                0x0000000008002524       0xb4 build/stm32l4xx_hal_rcc.o
                0x0000000008002524                HAL_RCC_GetSysClockFreq
 .text.HAL_RCC_OscConfig
                0x00000000080025d8      0x680 build/stm32l4xx_hal_rcc.o
                0x00000000080025d8                HAL_RCC_OscConfig
 .text.HAL_RCC_ClockConfig
                0x0000000008002c58      0x15c build/stm32l4xx_hal_rcc.o
                0x0000000008002c58                HAL_RCC_ClockConfig
 .text.HAL_RCC_GetHCLKFreq
                0x0000000008002db4        0xc build/stm32l4xx_hal_rcc.o
                0x0000000008002db4                HAL_RCC_GetHCLKFreq
 .text.HAL_RCC_GetPCLK1Freq
                0x0000000008002dc0       0x24 build/stm32l4xx_hal_rcc.o
                0x0000000008002dc0                HAL_RCC_GetPCLK1Freq
 .text.HAL_RCC_GetPCLK2Freq
                0x0000000008002de4       0x24 build/stm32l4xx_hal_rcc.o
                0x0000000008002de4                HAL_RCC_GetPCLK2Freq
 .text.RCCEx_PLLSAI1_Config
                0x0000000008002e08      0x16c build/stm32l4xx_hal_rcc_ex.o
 .text.HAL_RCCEx_PeriphCLKConfig
                0x0000000008002f74      0x398 build/stm32l4xx_hal_rcc_ex.o
                0x0000000008002f74                HAL_RCCEx_PeriphCLKConfig
 .text.HAL_GPIO_Init
                0x000000000800330c      0x198 build/stm32l4xx_hal_gpio.o
                0x000000000800330c                HAL_GPIO_Init
 .text.HAL_GPIO_ReadPin
                0x00000000080034a4        0xe build/stm32l4xx_hal_gpio.o
                0x00000000080034a4                HAL_GPIO_ReadPin
 .text.HAL_GPIO_WritePin
                0x00000000080034b2        0xa build/stm32l4xx_hal_gpio.o
                0x00000000080034b2                HAL_GPIO_WritePin
 .text.HAL_GPIO_TogglePin
                0x00000000080034bc       0x12 build/stm32l4xx_hal_gpio.o
                0x00000000080034bc                HAL_GPIO_TogglePin
 .text.HAL_DMA_Abort_IT
                0x00000000080034ce       0x50 build/stm32l4xx_hal_dma.o
                0x00000000080034ce                HAL_DMA_Abort_IT
 *fill*         0x000000000800351e        0x2 
 .text.HAL_PWREx_GetVoltageRange
                0x0000000008003520       0x10 build/stm32l4xx_hal_pwr_ex.o
                0x0000000008003520                HAL_PWREx_GetVoltageRange
 .text.HAL_PWREx_ControlVoltageScaling
                0x0000000008003530       0x90 build/stm32l4xx_hal_pwr_ex.o
                0x0000000008003530                HAL_PWREx_ControlVoltageScaling
 .text.HAL_PWREx_EnableVddUSB
                0x00000000080035c0       0x10 build/stm32l4xx_hal_pwr_ex.o
                0x00000000080035c0                HAL_PWREx_EnableVddUSB
 .text.HAL_NVIC_SetPriorityGrouping
                0x00000000080035d0       0x24 build/stm32l4xx_hal_cortex.o
                0x00000000080035d0                HAL_NVIC_SetPriorityGrouping
 .text.HAL_NVIC_SetPriority
                0x00000000080035f4       0x68 build/stm32l4xx_hal_cortex.o
                0x00000000080035f4                HAL_NVIC_SetPriority
 .text.HAL_NVIC_EnableIRQ
                0x000000000800365c       0x1c build/stm32l4xx_hal_cortex.o
                0x000000000800365c                HAL_NVIC_EnableIRQ
 .text.HAL_SYSTICK_Config
                0x0000000008003678       0x2c build/stm32l4xx_hal_cortex.o
                0x0000000008003678                HAL_SYSTICK_Config
 .text.HAL_SPI_Init
                0x00000000080036a4       0xde build/stm32l4xx_hal_spi.o
                0x00000000080036a4                HAL_SPI_Init
 *fill*         0x0000000008003782        0x2 
 .text.TIM_OC1_SetConfig
                0x0000000008003784       0x7c build/stm32l4xx_hal_tim.o
 .text.TIM_OC3_SetConfig
                0x0000000008003800       0x74 build/stm32l4xx_hal_tim.o
 .text.TIM_OC4_SetConfig
                0x0000000008003874       0x5c build/stm32l4xx_hal_tim.o
 .text.TIM_OC5_SetConfig
                0x00000000080038d0       0x58 build/stm32l4xx_hal_tim.o
 .text.TIM_OC6_SetConfig
                0x0000000008003928       0x5c build/stm32l4xx_hal_tim.o
 .text.TIM_TI1_ConfigInputStage
                0x0000000008003984       0x24 build/stm32l4xx_hal_tim.o
 .text.TIM_TI2_ConfigInputStage
                0x00000000080039a8       0x26 build/stm32l4xx_hal_tim.o
 .text.TIM_ITRx_SetConfig
                0x00000000080039ce       0x10 build/stm32l4xx_hal_tim.o
 .text.HAL_TIM_Base_Stop
                0x00000000080039de       0x28 build/stm32l4xx_hal_tim.o
                0x00000000080039de                HAL_TIM_Base_Stop
 .text.HAL_TIM_Base_Stop_IT
                0x0000000008003a06       0x32 build/stm32l4xx_hal_tim.o
                0x0000000008003a06                HAL_TIM_Base_Stop_IT
 .text.HAL_TIM_PWM_MspInit
                0x0000000008003a38        0x2 build/stm32l4xx_hal_tim.o
                0x0000000008003a38                HAL_TIM_PWM_MspInit
 *fill*         0x0000000008003a3a        0x2 
 .text.TIM_Base_SetConfig
                0x0000000008003a3c       0x80 build/stm32l4xx_hal_tim.o
                0x0000000008003a3c                TIM_Base_SetConfig
 .text.HAL_TIM_Base_Init
                0x0000000008003abc       0x60 build/stm32l4xx_hal_tim.o
                0x0000000008003abc                HAL_TIM_Base_Init
 .text.HAL_TIM_PWM_Init
                0x0000000008003b1c       0x60 build/stm32l4xx_hal_tim.o
                0x0000000008003b1c                HAL_TIM_PWM_Init
 .text.TIM_OC2_SetConfig
                0x0000000008003b7c       0x78 build/stm32l4xx_hal_tim.o
                0x0000000008003b7c                TIM_OC2_SetConfig
 .text.HAL_TIM_PWM_ConfigChannel
                0x0000000008003bf4      0x128 build/stm32l4xx_hal_tim.o
                0x0000000008003bf4                HAL_TIM_PWM_ConfigChannel
 .text.TIM_ETR_SetConfig
                0x0000000008003d1c       0x18 build/stm32l4xx_hal_tim.o
                0x0000000008003d1c                TIM_ETR_SetConfig
 .text.HAL_TIM_ConfigClockSource
                0x0000000008003d34       0xdc build/stm32l4xx_hal_tim.o
                0x0000000008003d34                HAL_TIM_ConfigClockSource
 .text.HAL_TIMEx_MasterConfigSynchronization
                0x0000000008003e10       0x78 build/stm32l4xx_hal_tim_ex.o
                0x0000000008003e10                HAL_TIMEx_MasterConfigSynchronization
 .text.UART_EndRxTransfer
                0x0000000008003e88       0x1e build/stm32l4xx_hal_uart.o
 .text.UART_TxISR_8BIT
                0x0000000008003ea6       0x44 build/stm32l4xx_hal_uart.o
 .text.UART_TxISR_16BIT
                0x0000000008003eea       0x48 build/stm32l4xx_hal_uart.o
 *fill*         0x0000000008003f32        0x2 
 .text.HAL_UART_Transmit_IT
                0x0000000008003f34       0x70 build/stm32l4xx_hal_uart.o
                0x0000000008003f34                HAL_UART_Transmit_IT
 .text.HAL_UART_Receive_IT
                0x0000000008003fa4       0xd4 build/stm32l4xx_hal_uart.o
                0x0000000008003fa4                HAL_UART_Receive_IT
 .text.UART_EndTransmit_IT
                0x0000000008004078       0x1a build/stm32l4xx_hal_uart.o
 .text.UART_RxISR_8BIT
                0x0000000008004092       0x66 build/stm32l4xx_hal_uart.o
 .text.UART_RxISR_16BIT
                0x00000000080040f8       0x64 build/stm32l4xx_hal_uart.o
 .text.HAL_UART_ErrorCallback
                0x000000000800415c        0x2 build/stm32l4xx_hal_uart.o
                0x000000000800415c                HAL_UART_ErrorCallback
 *fill*         0x000000000800415e        0x2 
 .text.HAL_UART_IRQHandler
                0x0000000008004160      0x184 build/stm32l4xx_hal_uart.o
                0x0000000008004160                HAL_UART_IRQHandler
 .text.UART_DMAAbortOnError
                0x00000000080042e4       0x14 build/stm32l4xx_hal_uart.o
 .text.UART_SetConfig
                0x00000000080042f8      0x2e0 build/stm32l4xx_hal_uart.o
                0x00000000080042f8                UART_SetConfig
 .text.UART_AdvFeatureConfig
                0x00000000080045d8       0xca build/stm32l4xx_hal_uart.o
                0x00000000080045d8                UART_AdvFeatureConfig
 .text.UART_WaitOnFlagUntilTimeout
                0x00000000080046a2       0xa2 build/stm32l4xx_hal_uart.o
                0x00000000080046a2                UART_WaitOnFlagUntilTimeout
 .text.UART_CheckIdleState
                0x0000000008004744       0x6c build/stm32l4xx_hal_uart.o
                0x0000000008004744                UART_CheckIdleState
 .text.HAL_UART_Init
                0x00000000080047b0       0x62 build/stm32l4xx_hal_uart.o
                0x00000000080047b0                HAL_UART_Init
 .text.HAL_UARTEx_WakeupCallback
                0x0000000008004812        0x2 build/stm32l4xx_hal_uart_ex.o
                0x0000000008004812                HAL_UARTEx_WakeupCallback
 .text.HAL_PCD_EP_DB_Receive
                0x0000000008004814      0x10e build/stm32l4xx_hal_pcd.o
 .text.HAL_PCD_Init
                0x0000000008004922      0x11c build/stm32l4xx_hal_pcd.o
                0x0000000008004922                HAL_PCD_Init
 .text.HAL_PCD_Start
                0x0000000008004a3e       0x2a build/stm32l4xx_hal_pcd.o
                0x0000000008004a3e                HAL_PCD_Start
 .text.HAL_PCD_EP_DB_Transmit
                0x0000000008004a68      0x2ce build/stm32l4xx_hal_pcd.o
 .text.PCD_EP_ISR_Handler
                0x0000000008004d36      0x414 build/stm32l4xx_hal_pcd.o
 .text.HAL_PCD_SetAddress
                0x000000000800514a       0x28 build/stm32l4xx_hal_pcd.o
                0x000000000800514a                HAL_PCD_SetAddress
 .text.HAL_PCD_IRQHandler
                0x0000000008005172      0x1dc build/stm32l4xx_hal_pcd.o
                0x0000000008005172                HAL_PCD_IRQHandler
 .text.HAL_PCD_EP_Open
                0x000000000800534e       0x78 build/stm32l4xx_hal_pcd.o
                0x000000000800534e                HAL_PCD_EP_Open
 .text.HAL_PCD_EP_Close
                0x00000000080053c6       0x64 build/stm32l4xx_hal_pcd.o
                0x00000000080053c6                HAL_PCD_EP_Close
 .text.HAL_PCD_EP_Receive
                0x000000000800542a       0x44 build/stm32l4xx_hal_pcd.o
                0x000000000800542a                HAL_PCD_EP_Receive
 .text.HAL_PCD_EP_GetRxCount
                0x000000000800546e       0x12 build/stm32l4xx_hal_pcd.o
                0x000000000800546e                HAL_PCD_EP_GetRxCount
 .text.HAL_PCD_EP_Transmit
                0x0000000008005480       0x46 build/stm32l4xx_hal_pcd.o
                0x0000000008005480                HAL_PCD_EP_Transmit
 .text.HAL_PCD_EP_SetStall
                0x00000000080054c6       0x78 build/stm32l4xx_hal_pcd.o
                0x00000000080054c6                HAL_PCD_EP_SetStall
 .text.HAL_PCD_EP_ClrStall
                0x000000000800553e       0x76 build/stm32l4xx_hal_pcd.o
                0x000000000800553e                HAL_PCD_EP_ClrStall
 .text.HAL_PCDEx_PMAConfig
                0x00000000080055b4       0x38 build/stm32l4xx_hal_pcd_ex.o
                0x00000000080055b4                HAL_PCDEx_PMAConfig
 .text.HAL_PCDEx_ActivateLPM
                0x00000000080055ec       0x2c build/stm32l4xx_hal_pcd_ex.o
                0x00000000080055ec                HAL_PCDEx_ActivateLPM
 .text.USB_CoreInit
                0x0000000008005618        0xe build/stm32l4xx_ll_usb.o
                0x0000000008005618                USB_CoreInit
 .text.USB_EnableGlobalInt
                0x0000000008005626       0x12 build/stm32l4xx_ll_usb.o
                0x0000000008005626                USB_EnableGlobalInt
 .text.USB_DisableGlobalInt
                0x0000000008005638       0x14 build/stm32l4xx_ll_usb.o
                0x0000000008005638                USB_DisableGlobalInt
 .text.USB_SetCurrentMode
                0x000000000800564c        0x4 build/stm32l4xx_ll_usb.o
                0x000000000800564c                USB_SetCurrentMode
 .text.USB_DevInit
                0x0000000008005650       0x28 build/stm32l4xx_ll_usb.o
                0x0000000008005650                USB_DevInit
 .text.USB_ActivateEndpoint
                0x0000000008005678      0x340 build/stm32l4xx_ll_usb.o
                0x0000000008005678                USB_ActivateEndpoint
 .text.USB_DeactivateEndpoint
                0x00000000080059b8      0x1d6 build/stm32l4xx_ll_usb.o
                0x00000000080059b8                USB_DeactivateEndpoint
 .text.USB_EPSetStall
                0x0000000008005b8e       0x4a build/stm32l4xx_ll_usb.o
                0x0000000008005b8e                USB_EPSetStall
 .text.USB_EPClearStall
                0x0000000008005bd8       0xa2 build/stm32l4xx_ll_usb.o
                0x0000000008005bd8                USB_EPClearStall
 .text.USB_SetDevAddress
                0x0000000008005c7a        0xc build/stm32l4xx_ll_usb.o
                0x0000000008005c7a                USB_SetDevAddress
 .text.USB_DevConnect
                0x0000000008005c86       0x16 build/stm32l4xx_ll_usb.o
                0x0000000008005c86                USB_DevConnect
 .text.USB_DevDisconnect
                0x0000000008005c9c       0x10 build/stm32l4xx_ll_usb.o
                0x0000000008005c9c                USB_DevDisconnect
 .text.USB_ReadInterrupts
                0x0000000008005cac        0x8 build/stm32l4xx_ll_usb.o
                0x0000000008005cac                USB_ReadInterrupts
 .text.USB_EP0_OutStart
                0x0000000008005cb4        0x4 build/stm32l4xx_ll_usb.o
                0x0000000008005cb4                USB_EP0_OutStart
 .text.USB_WritePMA
                0x0000000008005cb8       0x26 build/stm32l4xx_ll_usb.o
                0x0000000008005cb8                USB_WritePMA
 .text.USB_EPStartXfer
                0x0000000008005cde      0x7a0 build/stm32l4xx_ll_usb.o
                0x0000000008005cde                USB_EPStartXfer
 .text.USB_ReadPMA
                0x000000000800647e       0x2e build/stm32l4xx_ll_usb.o
                0x000000000800647e                USB_ReadPMA
 .text.SystemInit
                0x00000000080064ac       0x48 build/system_stm32l4xx.o
                0x00000000080064ac                SystemInit
 .text.MX_USB_DEVICE_Init
                0x00000000080064f4       0x54 build/usb_device.o
                0x00000000080064f4                MX_USB_DEVICE_Init
 .text.SystemClockConfig_Resume
                0x0000000008006548        0x8 build/usbd_conf.o
 .text.HAL_PCD_MspInit
                0x0000000008006550       0x7c build/usbd_conf.o
                0x0000000008006550                HAL_PCD_MspInit
 .text.HAL_PCD_SetupStageCallback
                0x00000000080065cc       0x10 build/usbd_conf.o
                0x00000000080065cc                HAL_PCD_SetupStageCallback
 .text.HAL_PCD_DataOutStageCallback
                0x00000000080065dc       0x18 build/usbd_conf.o
                0x00000000080065dc                HAL_PCD_DataOutStageCallback
 .text.HAL_PCD_DataInStageCallback
                0x00000000080065f4       0x16 build/usbd_conf.o
                0x00000000080065f4                HAL_PCD_DataInStageCallback
 .text.HAL_PCD_SOFCallback
                0x000000000800660a        0xc build/usbd_conf.o
                0x000000000800660a                HAL_PCD_SOFCallback
 .text.HAL_PCD_ResetCallback
                0x0000000008006616       0x24 build/usbd_conf.o
                0x0000000008006616                HAL_PCD_ResetCallback
 *fill*         0x000000000800663a        0x2 
 .text.HAL_PCD_SuspendCallback
                0x000000000800663c       0x20 build/usbd_conf.o
                0x000000000800663c                HAL_PCD_SuspendCallback
 .text.HAL_PCD_ResumeCallback
                0x000000000800665c       0x28 build/usbd_conf.o
                0x000000000800665c                HAL_PCD_ResumeCallback
 .text.USBD_LL_Init
                0x0000000008006684       0x8c build/usbd_conf.o
                0x0000000008006684                USBD_LL_Init
 .text.USBD_LL_Start
                0x0000000008006710       0x1e build/usbd_conf.o
                0x0000000008006710                USBD_LL_Start
 .text.USBD_LL_OpenEP
                0x000000000800672e       0x24 build/usbd_conf.o
                0x000000000800672e                USBD_LL_OpenEP
 .text.USBD_LL_CloseEP
                0x0000000008006752       0x1e build/usbd_conf.o
                0x0000000008006752                USBD_LL_CloseEP
 .text.USBD_LL_StallEP
                0x0000000008006770       0x1e build/usbd_conf.o
                0x0000000008006770                USBD_LL_StallEP
 .text.USBD_LL_ClearStallEP
                0x000000000800678e       0x1e build/usbd_conf.o
                0x000000000800678e                USBD_LL_ClearStallEP
 .text.USBD_LL_IsStallEP
                0x00000000080067ac       0x2e build/usbd_conf.o
                0x00000000080067ac                USBD_LL_IsStallEP
 .text.USBD_LL_SetUSBAddress
                0x00000000080067da       0x1e build/usbd_conf.o
                0x00000000080067da                USBD_LL_SetUSBAddress
 .text.USBD_LL_Transmit
                0x00000000080067f8       0x1e build/usbd_conf.o
                0x00000000080067f8                USBD_LL_Transmit
 .text.USBD_LL_PrepareReceive
                0x0000000008006816       0x1e build/usbd_conf.o
                0x0000000008006816                USBD_LL_PrepareReceive
 .text.USBD_LL_GetRxDataSize
                0x0000000008006834        0xc build/usbd_conf.o
                0x0000000008006834                USBD_LL_GetRxDataSize
 .text.HAL_PCDEx_LPM_Callback
                0x0000000008006840       0x48 build/usbd_conf.o
                0x0000000008006840                HAL_PCDEx_LPM_Callback
 .text.USBD_FS_DeviceDescriptor
                0x0000000008006888        0xc build/usbd_desc.o
                0x0000000008006888                USBD_FS_DeviceDescriptor
 .text.USBD_FS_LangIDStrDescriptor
                0x0000000008006894        0xc build/usbd_desc.o
                0x0000000008006894                USBD_FS_LangIDStrDescriptor
 .text.USBD_FS_USR_BOSDescriptor
                0x00000000080068a0        0xc build/usbd_desc.o
                0x00000000080068a0                USBD_FS_USR_BOSDescriptor
 .text.IntToUnicode
                0x00000000080068ac       0x38 build/usbd_desc.o
 .text.Get_SerialNum
                0x00000000080068e4       0x34 build/usbd_desc.o
 .text.USBD_FS_SerialStrDescriptor
                0x0000000008006918       0x14 build/usbd_desc.o
                0x0000000008006918                USBD_FS_SerialStrDescriptor
 .text.USBD_FS_ProductStrDescriptor
                0x000000000800692c       0x24 build/usbd_desc.o
                0x000000000800692c                USBD_FS_ProductStrDescriptor
 .text.USBD_FS_ManufacturerStrDescriptor
                0x0000000008006950       0x1c build/usbd_desc.o
                0x0000000008006950                USBD_FS_ManufacturerStrDescriptor
 .text.USBD_FS_ConfigStrDescriptor
                0x000000000800696c       0x24 build/usbd_desc.o
                0x000000000800696c                USBD_FS_ConfigStrDescriptor
 .text.USBD_FS_InterfaceStrDescriptor
                0x0000000008006990       0x24 build/usbd_desc.o
                0x0000000008006990                USBD_FS_InterfaceStrDescriptor
 .text.CDC_DeInit_FS
                0x00000000080069b4        0x4 build/usbd_cdc_if.o
 .text.CDC_Control_FS
                0x00000000080069b8        0x4 build/usbd_cdc_if.o
 .text.CDC_TransmitCplt_FS
                0x00000000080069bc        0x4 build/usbd_cdc_if.o
 .text.CDC_Receive_FS
                0x00000000080069c0       0x1c build/usbd_cdc_if.o
 .text.CDC_Init_FS
                0x00000000080069dc       0x28 build/usbd_cdc_if.o
 .text.CDC_Transmit_FS
                0x0000000008006a04       0x2c build/usbd_cdc_if.o
                0x0000000008006a04                CDC_Transmit_FS
 .text.USBD_Init
                0x0000000008006a30       0x2e build/usbd_core.o
                0x0000000008006a30                USBD_Init
 .text.USBD_RegisterClass
                0x0000000008006a5e       0x2e build/usbd_core.o
                0x0000000008006a5e                USBD_RegisterClass
 .text.USBD_Start
                0x0000000008006a8c        0x8 build/usbd_core.o
                0x0000000008006a8c                USBD_Start
 .text.USBD_SetClassConfig
                0x0000000008006a94       0x12 build/usbd_core.o
                0x0000000008006a94                USBD_SetClassConfig
 .text.USBD_ClrClassConfig
                0x0000000008006aa6       0x10 build/usbd_core.o
                0x0000000008006aa6                USBD_ClrClassConfig
 .text.USBD_LL_SetupStage
                0x0000000008006ab6       0x58 build/usbd_core.o
                0x0000000008006ab6                USBD_LL_SetupStage
 .text.USBD_LL_DataOutStage
                0x0000000008006b0e       0x72 build/usbd_core.o
                0x0000000008006b0e                USBD_LL_DataOutStage
 .text.USBD_LL_DataInStage
                0x0000000008006b80       0xb8 build/usbd_core.o
                0x0000000008006b80                USBD_LL_DataInStage
 .text.USBD_LL_Reset
                0x0000000008006c38       0x52 build/usbd_core.o
                0x0000000008006c38                USBD_LL_Reset
 .text.USBD_LL_SetSpeed
                0x0000000008006c8a        0x6 build/usbd_core.o
                0x0000000008006c8a                USBD_LL_SetSpeed
 .text.USBD_LL_Suspend
                0x0000000008006c90       0x12 build/usbd_core.o
                0x0000000008006c90                USBD_LL_Suspend
 .text.USBD_LL_Resume
                0x0000000008006ca2       0x16 build/usbd_core.o
                0x0000000008006ca2                USBD_LL_Resume
 .text.USBD_LL_SOF
                0x0000000008006cb8       0x1c build/usbd_core.o
                0x0000000008006cb8                USBD_LL_SOF
 .text.USBD_GetLen
                0x0000000008006cd4       0x12 build/usbd_ctlreq.o
 .text.USBD_SetFeature
                0x0000000008006ce6       0x14 build/usbd_ctlreq.o
 .text.USBD_ParseSetupRequest
                0x0000000008006cfa       0x28 build/usbd_ctlreq.o
                0x0000000008006cfa                USBD_ParseSetupRequest
 .text.USBD_CtlError
                0x0000000008006d22       0x14 build/usbd_ctlreq.o
                0x0000000008006d22                USBD_CtlError
 .text.USBD_GetDescriptor
                0x0000000008006d36      0x1ac build/usbd_ctlreq.o
 .text.USBD_SetAddress
                0x0000000008006ee2       0x4e build/usbd_ctlreq.o
 .text.USBD_SetConfig
                0x0000000008006f30       0xc4 build/usbd_ctlreq.o
 .text.USBD_GetConfig
                0x0000000008006ff4       0x3e build/usbd_ctlreq.o
 .text.USBD_GetStatus
                0x0000000008007032       0x38 build/usbd_ctlreq.o
 .text.USBD_ClrFeature
                0x000000000800706a       0x26 build/usbd_ctlreq.o
 .text.USBD_StdDevReq
                0x0000000008007090       0x70 build/usbd_ctlreq.o
                0x0000000008007090                USBD_StdDevReq
 .text.USBD_StdItfReq
                0x0000000008007100       0x68 build/usbd_ctlreq.o
                0x0000000008007100                USBD_StdItfReq
 .text.USBD_StdEPReq
                0x0000000008007168      0x1e6 build/usbd_ctlreq.o
                0x0000000008007168                USBD_StdEPReq
 .text.USBD_GetString
                0x000000000800734e       0x36 build/usbd_ctlreq.o
                0x000000000800734e                USBD_GetString
 .text.USBD_CtlSendData
                0x0000000008007384       0x1a build/usbd_ioreq.o
                0x0000000008007384                USBD_CtlSendData
 .text.USBD_CtlContinueSendData
                0x000000000800739e       0x10 build/usbd_ioreq.o
                0x000000000800739e                USBD_CtlContinueSendData
 .text.USBD_CtlPrepareRx
                0x00000000080073ae       0x1e build/usbd_ioreq.o
                0x00000000080073ae                USBD_CtlPrepareRx
 .text.USBD_CtlContinueRx
                0x00000000080073cc       0x10 build/usbd_ioreq.o
                0x00000000080073cc                USBD_CtlContinueRx
 .text.USBD_CtlSendStatus
                0x00000000080073dc       0x16 build/usbd_ioreq.o
                0x00000000080073dc                USBD_CtlSendStatus
 .text.USBD_CtlReceiveStatus
                0x00000000080073f2       0x16 build/usbd_ioreq.o
                0x00000000080073f2                USBD_CtlReceiveStatus
 .text.USBD_CDC_EP0_RxReady
                0x0000000008007408       0x28 build/usbd_cdc.o
 .text.USBD_CDC_GetFSCfgDesc
                0x0000000008007430        0xc build/usbd_cdc.o
 .text.USBD_CDC_GetHSCfgDesc
                0x000000000800743c        0xc build/usbd_cdc.o
 .text.USBD_CDC_GetOtherSpeedCfgDesc
                0x0000000008007448        0xc build/usbd_cdc.o
 .text.USBD_CDC_GetDeviceQualifierDescriptor
                0x0000000008007454        0xc build/usbd_cdc.o
                0x0000000008007454                USBD_CDC_GetDeviceQualifierDescriptor
 .text.USBD_CDC_DataOut
                0x0000000008007460       0x2a build/usbd_cdc.o
 .text.USBD_CDC_DataIn
                0x000000000800748a       0x6a build/usbd_cdc.o
 .text.USBD_CDC_Setup
                0x00000000080074f4       0xe0 build/usbd_cdc.o
 .text.USBD_CDC_DeInit
                0x00000000080075d4       0x48 build/usbd_cdc.o
 .text.USBD_CDC_Init
                0x000000000800761c       0xc2 build/usbd_cdc.o
 .text.USBD_CDC_RegisterInterface
                0x00000000080076de        0xe build/usbd_cdc.o
                0x00000000080076de                USBD_CDC_RegisterInterface
 .text.USBD_CDC_SetTxBuffer
                0x00000000080076ec       0x10 build/usbd_cdc.o
                0x00000000080076ec                USBD_CDC_SetTxBuffer
 .text.USBD_CDC_SetRxBuffer
                0x00000000080076fc        0xc build/usbd_cdc.o
                0x00000000080076fc                USBD_CDC_SetRxBuffer
 .text.USBD_CDC_TransmitPacket
                0x0000000008007708       0x34 build/usbd_cdc.o
                0x0000000008007708                USBD_CDC_TransmitPacket
 .text.USBD_CDC_ReceivePacket
                0x000000000800773c       0x32 build/usbd_cdc.o
                0x000000000800773c                USBD_CDC_ReceivePacket
 .text._ZN17IRQ_observer_base8RegisterEv
                0x000000000800776e        0x2 build/cli.o
                0x000000000800776e                IRQ_observer_base::Register()
 .text._ZN12IRQ_observerI3CLIED2Ev
                0x0000000008007770        0x2 build/cli.o
                0x0000000008007770                IRQ_observer<CLI>::~IRQ_observer()
                0x0000000008007770                IRQ_observer<CLI>::~IRQ_observer()
 .text._ZN12IRQ_observerI3CLIE3RunEv
                0x0000000008007772       0x2c build/cli.o
                0x0000000008007772                IRQ_observer<CLI>::Run()
 .text._ZN12IRQ_observerI3CLIE17Get_origin_objectEv
                0x000000000800779e        0x4 build/cli.o
                0x000000000800779e                IRQ_observer<CLI>::Get_origin_object()
 .text._ZN12IRQ_observerI3CLIED0Ev
                0x00000000080077a2        0xe build/cli.o
                0x00000000080077a2                IRQ_observer<CLI>::~IRQ_observer()
 .text._ZN3CLI28Enable_filesystem_executableEP10Filesystem
                0x00000000080077b0       0x10 build/cli.o
                0x00000000080077b0                CLI::Enable_filesystem_executable(Filesystem*)
 .text._ZStplIcSt11char_traitsIcESaIcEENSt7__cxx1112basic_stringIT_T0_T1_EEPKS5_RKS8_
                0x00000000080077c0       0x5c build/cli.o
                0x00000000080077c0                std::__cxx11::basic_string<char, std::char_traits<char>, std::allocator<char> > std::operator+<char, std::char_traits<char>, std::allocator<char> >(char const*, std::__cxx11::basic_string<char, std::char_traits<char>, std::allocator<char> > const&)
 .text._ZNSt6vectorIP17IRQ_observer_baseSaIS1_EE17_M_realloc_insertIJRP12IRQ_observerI3CLIEEEEvN9__gnu_cxx17__normal_iteratorIPS1_S3_EEDpOT_
                0x000000000800781c       0xcc build/cli.o
                0x000000000800781c                void std::vector<IRQ_observer_base*, std::allocator<IRQ_observer_base*> >::_M_realloc_insert<IRQ_observer<CLI>*&>(__gnu_cxx::__normal_iterator<IRQ_observer_base**, std::vector<IRQ_observer_base*, std::allocator<IRQ_observer_base*> > >, IRQ_observer<CLI>*&)
 .text._ZNSt6vectorIP17IRQ_observer_baseSaIS1_EE12emplace_backIJRP12IRQ_observerI3CLIEEEERS1_DpOT_
                0x00000000080078e8       0x26 build/cli.o
                0x00000000080078e8                IRQ_observer_base*& std::vector<IRQ_observer_base*, std::allocator<IRQ_observer_base*> >::emplace_back<IRQ_observer<CLI>*&>(IRQ_observer<CLI>*&)
 *fill*         0x000000000800790e        0x2 
 .text._ZNSt6vectorIP12Command_baseSaIS1_EE17_M_realloc_insertIJP7CommandI3CLIEEEEvN9__gnu_cxx17__normal_iteratorIPS1_S3_EEDpOT_
                0x0000000008007910       0xcc build/cli.o
                0x0000000008007910                void std::vector<Command_base*, std::allocator<Command_base*> >::_M_realloc_insert<Command<CLI>*>(__gnu_cxx::__normal_iterator<Command_base**, std::vector<Command_base*, std::allocator<Command_base*> > >, Command<CLI>*&&)
 .text._ZNSt6vectorIP12Command_baseSaIS1_EE12emplace_backIJP7CommandI3CLIEEEERS1_DpOT_
                0x00000000080079dc       0x26 build/cli.o
                0x00000000080079dc                Command_base*& std::vector<Command_base*, std::allocator<Command_base*> >::emplace_back<Command<CLI>*>(Command<CLI>*&&)
 *fill*         0x0000000008007a02        0x2 
 .text._ZN3CLI7ConnectEP11Serial_line
                0x0000000008007a04       0x88 build/cli.o
                0x0000000008007a04                CLI::Connect(Serial_line*)
 .text._ZN7CommandI3CLIE8Get_helpB5cxx11Ev
                0x0000000008007a8c       0x1e build/cli.o
                0x0000000008007a8c                Command<CLI>::Get_help[abi:cxx11]()
 .text._ZN7CommandI3CLIE11Get_commandB5cxx11Ev
                0x0000000008007aaa       0x1e build/cli.o
                0x0000000008007aaa                Command<CLI>::Get_command[abi:cxx11]()
 .text._ZStplIcSt11char_traitsIcESaIcEENSt7__cxx1112basic_stringIT_T0_T1_EERKS8_SA_
                0x0000000008007ac8       0x2a build/cli.o
                0x0000000008007ac8                std::__cxx11::basic_string<char, std::char_traits<char>, std::allocator<char> > std::operator+<char, std::char_traits<char>, std::allocator<char> >(std::__cxx11::basic_string<char, std::char_traits<char>, std::allocator<char> > const&, std::__cxx11::basic_string<char, std::char_traits<char>, std::allocator<char> > const&)
 .text._ZN3CLI8Set_lineENSt7__cxx1112basic_stringIcSt11char_traitsIcESaIcEEE
                0x0000000008007af2       0xc8 build/cli.o
                0x0000000008007af2                CLI::Set_line(std::__cxx11::basic_string<char, std::char_traits<char>, std::allocator<char> >)
 .text._ZN3CLI5PrintENSt7__cxx1112basic_stringIcSt11char_traitsIcESaIcEEE
                0x0000000008007bba       0x36 build/cli.o
                0x0000000008007bba                CLI::Print(std::__cxx11::basic_string<char, std::char_traits<char>, std::allocator<char> >)
 .text._ZN3CLI11Redraw_lineEv
                0x0000000008007bf0      0x158 build/cli.o
                0x0000000008007bf0                CLI::Redraw_line()
 .text._ZN3CLI10Clear_lineEv
                0x0000000008007d48       0x80 build/cli.o
                0x0000000008007d48                CLI::Clear_line()
 .text._ZN3CLI21Set_filesystem_prefixENSt7__cxx1112basic_stringIcSt11char_traitsIcESaIcEEE
                0x0000000008007dc8      0x130 build/cli.o
                0x0000000008007dc8                CLI::Set_filesystem_prefix(std::__cxx11::basic_string<char, std::char_traits<char>, std::allocator<char> >)
 .text._ZN9__gnu_cxx12__to_xstringINSt7__cxx1112basic_stringIcSt11char_traitsIcESaIcEEEcEET_PFiPT0_jPKS8_St9__va_listEjSB_z
                0x0000000008007ef8       0x4a build/cli.o
                0x0000000008007ef8                std::__cxx11::basic_string<char, std::char_traits<char>, std::allocator<char> > __gnu_cxx::__to_xstring<std::__cxx11::basic_string<char, std::char_traits<char>, std::allocator<char> >, char>(int (*)(char*, unsigned int, char const*, std::__va_list), unsigned int, char const*, ...)
 *fill*         0x0000000008007f42        0x2 
 .text._ZN3CLI4HelpESt6vectorINSt7__cxx1112basic_stringIcSt11char_traitsIcESaIcEEESaIS6_EE
                0x0000000008007f44      0x360 build/cli.o
                0x0000000008007f44                CLI::Help(std::vector<std::__cxx11::basic_string<char, std::char_traits<char>, std::allocator<char> >, std::allocator<std::__cxx11::basic_string<char, std::char_traits<char>, std::allocator<char> > > >)
 .text._ZN3CLI10Build_infoESt6vectorINSt7__cxx1112basic_stringIcSt11char_traitsIcESaIcEEESaIS6_EE
                0x00000000080082a4      0x428 build/cli.o
                0x00000000080082a4                CLI::Build_info(std::vector<std::__cxx11::basic_string<char, std::char_traits<char>, std::allocator<char> >, std::allocator<std::__cxx11::basic_string<char, std::char_traits<char>, std::allocator<char> > > >)
 .text._ZNSt6vectorINSt7__cxx1112basic_stringIcSt11char_traitsIcESaIcEEESaIS5_EE17_M_realloc_insertIJRS5_EEEvN9__gnu_cxx17__normal_iteratorIPS5_S7_EEDpOT_
                0x00000000080086cc      0x184 build/cli.o
                0x00000000080086cc                void std::vector<std::__cxx11::basic_string<char, std::char_traits<char>, std::allocator<char> >, std::allocator<std::__cxx11::basic_string<char, std::char_traits<char>, std::allocator<char> > > >::_M_realloc_insert<std::__cxx11::basic_string<char, std::char_traits<char>, std::allocator<char> >&>(__gnu_cxx::__normal_iterator<std::__cxx11::basic_string<char, std::char_traits<char>, std::allocator<char> >*, std::vector<std::__cxx11::basic_string<char, std::char_traits<char>, std::allocator<char> >, std::allocator<std::__cxx11::basic_string<char, std::char_traits<char>, std::allocator<char> > > > >, std::__cxx11::basic_string<char, std::char_traits<char>, std::allocator<char> >&)
 .text._ZNSt6vectorINSt7__cxx1112basic_stringIcSt11char_traitsIcESaIcEEESaIS5_EE12emplace_backIJRS5_EEES9_DpOT_
                0x0000000008008850       0x38 build/cli.o
                0x0000000008008850                std::__cxx11::basic_string<char, std::char_traits<char>, std::allocator<char> >& std::vector<std::__cxx11::basic_string<char, std::char_traits<char>, std::allocator<char> >, std::allocator<std::__cxx11::basic_string<char, std::char_traits<char>, std::allocator<char> > > >::emplace_back<std::__cxx11::basic_string<char, std::char_traits<char>, std::allocator<char> >&>(std::__cxx11::basic_string<char, std::char_traits<char>, std::allocator<char> >&)
 .text._ZN3CLI12Process_lineEv
                0x0000000008008888      0x3c8 build/cli.o
                0x0000000008008888                CLI::Process_line()
 .text._ZNSt6vectorINSt7__cxx1112basic_stringIcSt11char_traitsIcESaIcEEESaIS5_EE17_M_realloc_insertIJRKS5_EEEvN9__gnu_cxx17__normal_iteratorIPS5_S7_EEDpOT_
                0x0000000008008c50      0x184 build/cli.o
                0x0000000008008c50                void std::vector<std::__cxx11::basic_string<char, std::char_traits<char>, std::allocator<char> >, std::allocator<std::__cxx11::basic_string<char, std::char_traits<char>, std::allocator<char> > > >::_M_realloc_insert<std::__cxx11::basic_string<char, std::char_traits<char>, std::allocator<char> > const&>(__gnu_cxx::__normal_iterator<std::__cxx11::basic_string<char, std::char_traits<char>, std::allocator<char> >*, std::vector<std::__cxx11::basic_string<char, std::char_traits<char>, std::allocator<char> >, std::allocator<std::__cxx11::basic_string<char, std::char_traits<char>, std::allocator<char> > > > >, std::__cxx11::basic_string<char, std::char_traits<char>, std::allocator<char> > const&)
 .text._ZN3CLI12AutocompleteENSt7__cxx1112basic_stringIcSt11char_traitsIcESaIcEEE
                0x0000000008008dd4      0x1c8 build/cli.o
                0x0000000008008dd4                CLI::Autocomplete(std::__cxx11::basic_string<char, std::char_traits<char>, std::allocator<char> >)
 .text._ZN3CLI9Char_loadEv
                0x0000000008008f9c      0x23c build/cli.o
                0x0000000008008f9c                CLI::Char_load()
 .text._ZN3CLI5StartEv
                0x00000000080091d8      0x228 build/cli.o
                0x00000000080091d8                CLI::Start()
 .text._ZN7CommandI3CLIE6InvokeERSt6vectorINSt7__cxx1112basic_stringIcSt11char_traitsIcESaIcEEESaIS8_EE
                0x0000000008009400      0x160 build/cli.o
                0x0000000008009400                Command<CLI>::Invoke(std::vector<std::__cxx11::basic_string<char, std::char_traits<char>, std::allocator<char> >, std::allocator<std::__cxx11::basic_string<char, std::char_traits<char>, std::allocator<char> > > >&)
 .text._ZN11CLI_history6UpdateENSt7__cxx1112basic_stringIcSt11char_traitsIcESaIcEEE
                0x0000000008009560       0xa4 build/history.o
                0x0000000008009560                CLI_history::Update(std::__cxx11::basic_string<char, std::char_traits<char>, std::allocator<char> >)
 .text._ZN11CLI_history13Reset_pointerEv
                0x0000000008009604        0x6 build/history.o
                0x0000000008009604                CLI_history::Reset_pointer()
 .text._ZN11CLI_history2UpB5cxx11Ev
                0x000000000800960a       0x9a build/history.o
                0x000000000800960a                CLI_history::Up[abi:cxx11]()
 .text._ZN11CLI_history4DownB5cxx11Ev
                0x00000000080096a4       0x58 build/history.o
                0x00000000080096a4                CLI_history::Down[abi:cxx11]()
 .text._ZNK8FS_entry3RunERSt6vectorINSt7__cxx1112basic_stringIcSt11char_traitsIcESaIcEEESaIS6_EE
                0x00000000080096fc        0x6 build/device.o
                0x00000000080096fc                FS_entry::Run(std::vector<std::__cxx11::basic_string<char, std::char_traits<char>, std::allocator<char> >, std::allocator<std::__cxx11::basic_string<char, std::char_traits<char>, std::allocator<char> > > >&) const
 *fill*         0x0000000008009702        0x2 
 .text._ZN8FS_entryD2Ev
                0x0000000008009704       0x20 build/device.o
                0x0000000008009704                FS_entry::~FS_entry()
                0x0000000008009704                FS_entry::~FS_entry()
 .text._ZN8FS_entryD0Ev
                0x0000000008009724       0x28 build/device.o
                0x0000000008009724                FS_entry::~FS_entry()
 .text._ZN6Device4InitEv
                0x000000000800974c        0xa build/device.o
                0x000000000800974c                Device::Init()
 .text._ZN6Device13CLI_availableEv
                0x0000000008009756        0xa build/device.o
                0x0000000008009756                Device::CLI_available()
 .text._ZN6Device20Filesystem_availableEv
                0x0000000008009760        0xa build/device.o
                0x0000000008009760                Device::Filesystem_available()
 .text._ZNSt8_Rb_treeINSt7__cxx1112basic_stringIcSt11char_traitsIcESaIcEEESt4pairIKS5_P4ToolESt10_Select1stISA_ESt4lessIS5_ESaISA_EE24_M_get_insert_unique_posERS7_
                0x000000000800976a       0xbc build/device.o
                0x000000000800976a                std::_Rb_tree<std::__cxx11::basic_string<char, std::char_traits<char>, std::allocator<char> >, std::pair<std::__cxx11::basic_string<char, std::char_traits<char>, std::allocator<char> > const, Tool*>, std::_Select1st<std::pair<std::__cxx11::basic_string<char, std::char_traits<char>, std::allocator<char> > const, Tool*> >, std::less<std::__cxx11::basic_string<char, std::char_traits<char>, std::allocator<char> > >, std::allocator<std::pair<std::__cxx11::basic_string<char, std::char_traits<char>, std::allocator<char> > const, Tool*> > >::_M_get_insert_unique_pos(std::__cxx11::basic_string<char, std::char_traits<char>, std::allocator<char> > const&)
 .text._ZNSt8_Rb_treeINSt7__cxx1112basic_stringIcSt11char_traitsIcESaIcEEESt4pairIKS5_P4ToolESt10_Select1stISA_ESt4lessIS5_ESaISA_EE14_M_insert_nodeEPSt18_Rb_tree_node_baseSI_PSt13_Rb_tree_nodeISA_E
                0x0000000008009826       0x68 build/device.o
                0x0000000008009826                std::_Rb_tree<std::__cxx11::basic_string<char, std::char_traits<char>, std::allocator<char> >, std::pair<std::__cxx11::basic_string<char, std::char_traits<char>, std::allocator<char> > const, Tool*>, std::_Select1st<std::pair<std::__cxx11::basic_string<char, std::char_traits<char>, std::allocator<char> > const, Tool*> >, std::less<std::__cxx11::basic_string<char, std::char_traits<char>, std::allocator<char> > >, std::allocator<std::pair<std::__cxx11::basic_string<char, std::char_traits<char>, std::allocator<char> > const, Tool*> > >::_M_insert_node(std::_Rb_tree_node_base*, std::_Rb_tree_node_base*, std::_Rb_tree_node<std::pair<std::__cxx11::basic_string<char, std::char_traits<char>, std::allocator<char> > const, Tool*> >*)
 .text._ZNSt8_Rb_treeINSt7__cxx1112basic_stringIcSt11char_traitsIcESaIcEEESt4pairIKS5_P4ToolESt10_Select1stISA_ESt4lessIS5_ESaISA_EE17_M_emplace_uniqueIJS6_IS5_S9_EEEES6_ISt17_Rb_tree_iteratorISA_EbEDpOT_
                0x000000000800988e       0x9c build/device.o
                0x000000000800988e                std::pair<std::_Rb_tree_iterator<std::pair<std::__cxx11::basic_string<char, std::char_traits<char>, std::allocator<char> > const, Tool*> >, bool> std::_Rb_tree<std::__cxx11::basic_string<char, std::char_traits<char>, std::allocator<char> >, std::pair<std::__cxx11::basic_string<char, std::char_traits<char>, std::allocator<char> > const, Tool*>, std::_Select1st<std::pair<std::__cxx11::basic_string<char, std::char_traits<char>, std::allocator<char> > const, Tool*> >, std::less<std::__cxx11::basic_string<char, std::char_traits<char>, std::allocator<char> > >, std::allocator<std::pair<std::__cxx11::basic_string<char, std::char_traits<char>, std::allocator<char> > const, Tool*> > >::_M_emplace_unique<std::pair<std::__cxx11::basic_string<char, std::char_traits<char>, std::allocator<char> >, Tool*> >(std::pair<std::__cxx11::basic_string<char, std::char_traits<char>, std::allocator<char> >, Tool*>&&)
 *fill*         0x000000000800992a        0x2 
 .text._ZN6Device10Enable_CLIEP11Serial_line
                0x000000000800992c       0xe4 build/device.o
                0x000000000800992c                Device::Enable_CLI(Serial_line*)
 .text._ZN6Device17Enable_FilesystemEv
                0x0000000008009a10       0xd8 build/device.o
                0x0000000008009a10                Device::Enable_Filesystem()
 .text._ZN6Device8InstanceEv
                0x0000000008009ae8       0x8c build/device.o
                0x0000000008009ae8                Device::Instance()
 .text._ZN6Device13Register_toolEP4Tool
                0x0000000008009b74      0x190 build/device.o
                0x0000000008009b74                Device::Register_tool(Tool*)
 .text._ZN4ToolC2ENSt7__cxx1112basic_stringIcSt11char_traitsIcESaIcEEE
                0x0000000008009d04       0x28 build/tool.o
                0x0000000008009d04                Tool::Tool(std::__cxx11::basic_string<char, std::char_traits<char>, std::allocator<char> >)
                0x0000000008009d04                Tool::Tool(std::__cxx11::basic_string<char, std::char_traits<char>, std::allocator<char> >)
 .text._ZN9DirectoryD2Ev
                0x0000000008009d2c       0x44 build/directory.o
                0x0000000008009d2c                Directory::~Directory()
                0x0000000008009d2c                Directory::~Directory()
 .text._ZN9DirectoryD0Ev
                0x0000000008009d70       0x14 build/directory.o
                0x0000000008009d70                Directory::~Directory()
 .text._ZNSt6vectorIP8FS_entrySaIS1_EE17_M_realloc_insertIJRS1_EEEvN9__gnu_cxx17__normal_iteratorIPS1_S3_EEDpOT_
                0x0000000008009d84       0xcc build/directory.o
                0x0000000008009d84                void std::vector<FS_entry*, std::allocator<FS_entry*> >::_M_realloc_insert<FS_entry*&>(__gnu_cxx::__normal_iterator<FS_entry**, std::vector<FS_entry*, std::allocator<FS_entry*> > >, FS_entry*&)
 .text._ZNSt6vectorIP8FS_entrySaIS1_EE12emplace_backIJRS1_EEES5_DpOT_
                0x0000000008009e50       0x26 build/directory.o
                0x0000000008009e50                FS_entry*& std::vector<FS_entry*, std::allocator<FS_entry*> >::emplace_back<FS_entry*&>(FS_entry*&)
 .text._ZN9Directory9Add_entryEP8FS_entry
                0x0000000008009e76       0x26 build/directory.o
                0x0000000008009e76                Directory::Add_entry(FS_entry*)
 .text._ZN9DirectoryC2ENSt7__cxx1112basic_stringIcSt11char_traitsIcESaIcEEE
                0x0000000008009e9c       0x9c build/directory.o
                0x0000000008009e9c                Directory::Directory(std::__cxx11::basic_string<char, std::char_traits<char>, std::allocator<char> >)
                0x0000000008009e9c                Directory::Directory(std::__cxx11::basic_string<char, std::char_traits<char>, std::allocator<char> >)
 .text._ZNK9Directory9Get_entryENSt7__cxx1112basic_stringIcSt11char_traitsIcESaIcEEE
                0x0000000008009f38       0x74 build/directory.o
                0x0000000008009f38                Directory::Get_entry(std::__cxx11::basic_string<char, std::char_traits<char>, std::allocator<char> >) const
 .text._ZN9Directory6ExistsENSt7__cxx1112basic_stringIcSt11char_traitsIcESaIcEEE
                0x0000000008009fac       0x64 build/directory.o
                0x0000000008009fac                Directory::Exists(std::__cxx11::basic_string<char, std::char_traits<char>, std::allocator<char> >)
 .text._ZN9Directory13Content_namesB5cxx11Ev
                0x000000000800a010       0x74 build/directory.o
                0x000000000800a010                Directory::Content_names[abi:cxx11]()
 .text._ZNK8FS_entry4PathB5cxx11Ev
                0x000000000800a084      0x214 build/entry.o
                0x000000000800a084                FS_entry::Path[abi:cxx11]() const
 .text._ZN8FS_entry10Set_parentEPS_
                0x000000000800a298        0xe build/entry.o
                0x000000000800a298                FS_entry::Set_parent(FS_entry*)
 .text._ZN8FS_entry6DeleteEv
                0x000000000800a2a6        0xa build/entry.o
                0x000000000800a2a6                FS_entry::Delete()
 .text._ZNSt6vectorINSt7__cxx1112basic_stringIcSt11char_traitsIcESaIcEEESaIS5_EE17_M_realloc_insertIJS5_EEEvN9__gnu_cxx17__normal_iteratorIPS5_S7_EEDpOT_
                0x000000000800a2b0      0x1b8 build/filesystem.o
                0x000000000800a2b0                void std::vector<std::__cxx11::basic_string<char, std::char_traits<char>, std::allocator<char> >, std::allocator<std::__cxx11::basic_string<char, std::char_traits<char>, std::allocator<char> > > >::_M_realloc_insert<std::__cxx11::basic_string<char, std::char_traits<char>, std::allocator<char> > >(__gnu_cxx::__normal_iterator<std::__cxx11::basic_string<char, std::char_traits<char>, std::allocator<char> >*, std::vector<std::__cxx11::basic_string<char, std::char_traits<char>, std::allocator<char> >, std::allocator<std::__cxx11::basic_string<char, std::char_traits<char>, std::allocator<char> > > > >, std::__cxx11::basic_string<char, std::char_traits<char>, std::allocator<char> >&&)
 .text._ZNSt6vectorINSt7__cxx1112basic_stringIcSt11char_traitsIcESaIcEEESaIS5_EE12emplace_backIJS5_EEERS5_DpOT_
                0x000000000800a468       0x58 build/filesystem.o
                0x000000000800a468                std::__cxx11::basic_string<char, std::char_traits<char>, std::allocator<char> >& std::vector<std::__cxx11::basic_string<char, std::char_traits<char>, std::allocator<char> >, std::allocator<std::__cxx11::basic_string<char, std::char_traits<char>, std::allocator<char> > > >::emplace_back<std::__cxx11::basic_string<char, std::char_traits<char>, std::allocator<char> > >(std::__cxx11::basic_string<char, std::char_traits<char>, std::allocator<char> >&&)
 .text._ZNSt6vectorIP12Command_baseSaIS1_EE17_M_realloc_insertIJP7CommandI10FilesystemEEEEvN9__gnu_cxx17__normal_iteratorIPS1_S3_EEDpOT_
                0x000000000800a4c0       0xcc build/filesystem.o
                0x000000000800a4c0                void std::vector<Command_base*, std::allocator<Command_base*> >::_M_realloc_insert<Command<Filesystem>*>(__gnu_cxx::__normal_iterator<Command_base**, std::vector<Command_base*, std::allocator<Command_base*> > >, Command<Filesystem>*&&)
 .text._ZNSt6vectorIP12Command_baseSaIS1_EE12emplace_backIJP7CommandI10FilesystemEEEERS1_DpOT_
                0x000000000800a58c       0x26 build/filesystem.o
                0x000000000800a58c                Command_base*& std::vector<Command_base*, std::allocator<Command_base*> >::emplace_back<Command<Filesystem>*>(Command<Filesystem>*&&)
 *fill*         0x000000000800a5b2        0x2 
 .text._ZNSt6vectorINSt7__cxx1112basic_stringIcSt11char_traitsIcESaIcEEESaIS5_EE17_M_realloc_insertIJRA2_KcEEEvN9__gnu_cxx17__normal_iteratorIPS5_S7_EEDpOT_
                0x000000000800a5b4      0x1bc build/filesystem.o
                0x000000000800a5b4                void std::vector<std::__cxx11::basic_string<char, std::char_traits<char>, std::allocator<char> >, std::allocator<std::__cxx11::basic_string<char, std::char_traits<char>, std::allocator<char> > > >::_M_realloc_insert<char const (&) [2]>(__gnu_cxx::__normal_iterator<std::__cxx11::basic_string<char, std::char_traits<char>, std::allocator<char> >*, std::vector<std::__cxx11::basic_string<char, std::char_traits<char>, std::allocator<char> >, std::allocator<std::__cxx11::basic_string<char, std::char_traits<char>, std::allocator<char> > > > >, char const (&) [2])
 .text._ZNSt6vectorINSt7__cxx1112basic_stringIcSt11char_traitsIcESaIcEEESaIS5_EE12emplace_backIJRA2_KcEEERS5_DpOT_
                0x000000000800a770       0x44 build/filesystem.o
                0x000000000800a770                std::__cxx11::basic_string<char, std::char_traits<char>, std::allocator<char> >& std::vector<std::__cxx11::basic_string<char, std::char_traits<char>, std::allocator<char> >, std::allocator<std::__cxx11::basic_string<char, std::char_traits<char>, std::allocator<char> > > >::emplace_back<char const (&) [2]>(char const (&) [2])
 .text._ZN10Filesystem11Command_pwdESt6vectorINSt7__cxx1112basic_stringIcSt11char_traitsIcESaIcEEESaIS6_EE
                0x000000000800a7b4       0xcc build/filesystem.o
                0x000000000800a7b4                Filesystem::Command_pwd(std::vector<std::__cxx11::basic_string<char, std::char_traits<char>, std::allocator<char> >, std::allocator<std::__cxx11::basic_string<char, std::char_traits<char>, std::allocator<char> > > >)
 .text._ZNK10Filesystem13Absolute_pathENSt7__cxx1112basic_stringIcSt11char_traitsIcESaIcEEE
                0x000000000800a880      0x178 build/filesystem.o
                0x000000000800a880                Filesystem::Absolute_path(std::__cxx11::basic_string<char, std::char_traits<char>, std::allocator<char> >) const
 .text._ZN7CommandI10FilesystemE8Get_helpB5cxx11Ev
                0x000000000800a9f8       0x1e build/filesystem.o
                0x000000000800a9f8                Command<Filesystem>::Get_help[abi:cxx11]()
 .text._ZN7CommandI10FilesystemE11Get_commandB5cxx11Ev
                0x000000000800aa16       0x1e build/filesystem.o
                0x000000000800aa16                Command<Filesystem>::Get_command[abi:cxx11]()
 .text._ZN10FilesystemC2EP3CLI
                0x000000000800aa34      0x498 build/filesystem.o
                0x000000000800aa34                Filesystem::Filesystem(CLI*)
                0x000000000800aa34                Filesystem::Filesystem(CLI*)
 .text._ZN7CommandI10FilesystemE6InvokeERSt6vectorINSt7__cxx1112basic_stringIcSt11char_traitsIcESaIcEEESaIS8_EE
                0x000000000800aecc      0x160 build/filesystem.o
                0x000000000800aecc                Command<Filesystem>::Invoke(std::vector<std::__cxx11::basic_string<char, std::char_traits<char>, std::allocator<char> >, std::allocator<std::__cxx11::basic_string<char, std::char_traits<char>, std::allocator<char> > > >&)
 .text._ZSt12__niter_baseIPNSt7__cxx1112basic_stringIcSt11char_traitsIcESaIcEEESt6vectorIS5_SaIS5_EEET_N9__gnu_cxx17__normal_iteratorISA_T0_EE
                0x000000000800b02c        0x2 build/filesystem.o
                0x000000000800b02c                std::__cxx11::basic_string<char, std::char_traits<char>, std::allocator<char> >* std::__niter_base<std::__cxx11::basic_string<char, std::char_traits<char>, std::allocator<char> >*, std::vector<std::__cxx11::basic_string<char, std::char_traits<char>, std::allocator<char> >, std::allocator<std::__cxx11::basic_string<char, std::char_traits<char>, std::allocator<char> > > > >(__gnu_cxx::__normal_iterator<std::__cxx11::basic_string<char, std::char_traits<char>, std::allocator<char> >*, std::vector<std::__cxx11::basic_string<char, std::char_traits<char>, std::allocator<char> >, std::allocator<std::__cxx11::basic_string<char, std::char_traits<char>, std::allocator<char> > > > >)
 *fill*         0x000000000800b02e        0x2 
 .text._ZNSt6vectorINSt7__cxx1112basic_stringIcSt11char_traitsIcESaIcEEESaIS5_EE8_M_eraseEN9__gnu_cxx17__normal_iteratorIPS5_S7_EE
                0x000000000800b030       0xc0 build/filesystem.o
                0x000000000800b030                std::vector<std::__cxx11::basic_string<char, std::char_traits<char>, std::allocator<char> >, std::allocator<std::__cxx11::basic_string<char, std::char_traits<char>, std::allocator<char> > > >::_M_erase(__gnu_cxx::__normal_iterator<std::__cxx11::basic_string<char, std::char_traits<char>, std::allocator<char> >*, std::vector<std::__cxx11::basic_string<char, std::char_traits<char>, std::allocator<char> >, std::allocator<std::__cxx11::basic_string<char, std::char_traits<char>, std::allocator<char> > > > >)
 .text._ZNK10Filesystem9Get_entryESt6vectorINSt7__cxx1112basic_stringIcSt11char_traitsIcESaIcEEESaIS6_EE
                0x000000000800b0f0      0x174 build/filesystem.o
                0x000000000800b0f0                Filesystem::Get_entry(std::vector<std::__cxx11::basic_string<char, std::char_traits<char>, std::allocator<char> >, std::allocator<std::__cxx11::basic_string<char, std::char_traits<char>, std::allocator<char> > > >) const
 .text._ZNK10Filesystem12Entry_existsESt6vectorINSt7__cxx1112basic_stringIcSt11char_traitsIcESaIcEEESaIS6_EE
                0x000000000800b264       0xac build/filesystem.o
                0x000000000800b264                Filesystem::Entry_exists(std::vector<std::__cxx11::basic_string<char, std::char_traits<char>, std::allocator<char> >, std::allocator<std::__cxx11::basic_string<char, std::char_traits<char>, std::allocator<char> > > >) const
 .text._ZNK10Filesystem17Create_entry_pathENSt7__cxx1112basic_stringIcSt11char_traitsIcESaIcEEE
                0x000000000800b310      0x1c8 build/filesystem.o
                0x000000000800b310                Filesystem::Create_entry_path(std::__cxx11::basic_string<char, std::char_traits<char>, std::allocator<char> >) const
 .text._ZNK10Filesystem12Entry_existsENSt7__cxx1112basic_stringIcSt11char_traitsIcESaIcEEE
                0x000000000800b4d8       0x66 build/filesystem.o
                0x000000000800b4d8                Filesystem::Entry_exists(std::__cxx11::basic_string<char, std::char_traits<char>, std::allocator<char> >) const
 *fill*         0x000000000800b53e        0x2 
 .text._ZNK10Filesystem13Command_checkESt6vectorINSt7__cxx1112basic_stringIcSt11char_traitsIcESaIcEEESaIS6_EE
                0x000000000800b540      0x250 build/filesystem.o
                0x000000000800b540                Filesystem::Command_check(std::vector<std::__cxx11::basic_string<char, std::char_traits<char>, std::allocator<char> >, std::allocator<std::__cxx11::basic_string<char, std::char_traits<char>, std::allocator<char> > > >) const
 .text._ZNK10Filesystem9Get_entryENSt7__cxx1112basic_stringIcSt11char_traitsIcESaIcEEE
                0x000000000800b790       0x66 build/filesystem.o
                0x000000000800b790                Filesystem::Get_entry(std::__cxx11::basic_string<char, std::char_traits<char>, std::allocator<char> >) const
 .text._ZN10Filesystem12Set_locationENSt7__cxx1112basic_stringIcSt11char_traitsIcESaIcEEE
                0x000000000800b7f6       0x66 build/filesystem.o
                0x000000000800b7f6                Filesystem::Set_location(std::__cxx11::basic_string<char, std::char_traits<char>, std::allocator<char> >)
 .text._ZN10Filesystem10Command_cdESt6vectorINSt7__cxx1112basic_stringIcSt11char_traitsIcESaIcEEESaIS6_EE
                0x000000000800b85c      0x154 build/filesystem.o
                0x000000000800b85c                Filesystem::Command_cd(std::vector<std::__cxx11::basic_string<char, std::char_traits<char>, std::allocator<char> >, std::allocator<std::__cxx11::basic_string<char, std::char_traits<char>, std::allocator<char> > > >)
 .text._ZN10Filesystem11Command_catESt6vectorINSt7__cxx1112basic_stringIcSt11char_traitsIcESaIcEEESaIS6_EE
                0x000000000800b9b0      0x2e0 build/filesystem.o
                0x000000000800b9b0                Filesystem::Command_cat(std::vector<std::__cxx11::basic_string<char, std::char_traits<char>, std::allocator<char> >, std::allocator<std::__cxx11::basic_string<char, std::char_traits<char>, std::allocator<char> > > >)
 .text._ZN10Filesystem9Add_entryENSt7__cxx1112basic_stringIcSt11char_traitsIcESaIcEEEP8FS_entry
                0x000000000800bc90      0x264 build/filesystem.o
                0x000000000800bc90                Filesystem::Add_entry(std::__cxx11::basic_string<char, std::char_traits<char>, std::allocator<char> >, FS_entry*)
 .text._ZN10Filesystem14Make_directoryENSt7__cxx1112basic_stringIcSt11char_traitsIcESaIcEEE
                0x000000000800bef4       0xc4 build/filesystem.o
                0x000000000800bef4                Filesystem::Make_directory(std::__cxx11::basic_string<char, std::char_traits<char>, std::allocator<char> >)
 .text._ZN10Filesystem7ExecuteERNSt7__cxx1112basic_stringIcSt11char_traitsIcESaIcEEERSt6vectorIS5_SaIS5_EE
                0x000000000800bfb8       0xe8 build/filesystem.o
                0x000000000800bfb8                Filesystem::Execute(std::__cxx11::basic_string<char, std::char_traits<char>, std::allocator<char> >&, std::vector<std::__cxx11::basic_string<char, std::char_traits<char>, std::allocator<char> >, std::allocator<std::__cxx11::basic_string<char, std::char_traits<char>, std::allocator<char> > > >&)
 .text._ZSt12__niter_baseIPKP8FS_entrySt6vectorIS1_SaIS1_EEET_N9__gnu_cxx17__normal_iteratorIS7_T0_EE
                0x000000000800c0a0        0x2 build/filesystem.o
                0x000000000800c0a0                FS_entry* const* std::__niter_base<FS_entry* const*, std::vector<FS_entry*, std::allocator<FS_entry*> > >(__gnu_cxx::__normal_iterator<FS_entry* const*, std::vector<FS_entry*, std::allocator<FS_entry*> > >)
 *fill*         0x000000000800c0a2        0x2 
 .text._ZN10Filesystem10Command_lsESt6vectorINSt7__cxx1112basic_stringIcSt11char_traitsIcESaIcEEESaIS6_EE
                0x000000000800c0a4      0x278 build/filesystem.o
                0x000000000800c0a4                Filesystem::Command_ls(std::vector<std::__cxx11::basic_string<char, std::char_traits<char>, std::allocator<char> >, std::allocator<std::__cxx11::basic_string<char, std::char_traits<char>, std::allocator<char> > > >)
 .text._Z6devicev
                0x000000000800c31c        0x8 build/globals.o
                0x000000000800c31c                device()
 .text._ZN3Pin6ToggleEv
                0x000000000800c324       0x1c build/pin.o
                0x000000000800c324                Pin::Toggle()
 .text._ZN3Pin3SetEb
                0x000000000800c340       0x20 build/pin.o
                0x000000000800c340                Pin::Set(bool)
 .text._ZN3Pin4ReadEv
                0x000000000800c360       0x24 build/pin.o
                0x000000000800c360                Pin::Read()
 .text._ZN3PinC2Ech
                0x000000000800c384       0x34 build/pin.o
                0x000000000800c384                Pin::Pin(char, unsigned char)
                0x000000000800c384                Pin::Pin(char, unsigned char)
 .text._ZN7Pin_IRQC2EiP17IRQ_multi_handlerIiE
                0x000000000800c3b8       0x10 build/pin_irq.o
                0x000000000800c3b8                Pin_IRQ::Pin_IRQ(int, IRQ_multi_handler<int>*)
                0x000000000800c3b8                Pin_IRQ::Pin_IRQ(int, IRQ_multi_handler<int>*)
 .text._ZN11IRQ_handler6NotifyEv
                0x000000000800c3c8       0x24 build/irq_handler.o
                0x000000000800c3c8                IRQ_handler::Notify()
 .text._ZN3MCU35Filesystem_interface_initializationEv
                0x000000000800c3ec        0xc build/mcu.o
                0x000000000800c3ec                MCU::Filesystem_interface_initialization()
 .text._ZN3MCU16Init_peripheralsEv
                0x000000000800c3f8       0xbc build/mcu.o
                0x000000000800c3f8                MCU::Init_peripherals()
 .text._ZN3MCU4InitEv
                0x000000000800c4b4        0x8 build/mcu.o
                0x000000000800c4b4                MCU::Init()
 .text._ZN6Logger8InstanceEv
                0x000000000800c4bc       0x4c build/logger.o
                0x000000000800c4bc                Logger::Instance()
 .text._ZNSt8_Rb_treeIN12Colored_text11Text_colorsESt4pairIKS1_NSt7__cxx1112basic_stringIcSt11char_traitsIcESaIcEEEESt10_Select1stISA_ESt4lessIS1_ESaISA_EE8_M_eraseEPSt13_Rb_tree_nodeISA_E
                0x000000000800c508       0x2e build/text_transform.o
                0x000000000800c508                std::_Rb_tree<Colored_text::Text_colors, std::pair<Colored_text::Text_colors const, std::__cxx11::basic_string<char, std::char_traits<char>, std::allocator<char> > >, std::_Select1st<std::pair<Colored_text::Text_colors const, std::__cxx11::basic_string<char, std::char_traits<char>, std::allocator<char> > > >, std::less<Colored_text::Text_colors>, std::allocator<std::pair<Colored_text::Text_colors const, std::__cxx11::basic_string<char, std::char_traits<char>, std::allocator<char> > > > >::_M_erase(std::_Rb_tree_node<std::pair<Colored_text::Text_colors const, std::__cxx11::basic_string<char, std::char_traits<char>, std::allocator<char> > > >*)
 .text._ZNSt3mapIN12Colored_text11Text_colorsENSt7__cxx1112basic_stringIcSt11char_traitsIcESaIcEEESt4lessIS1_ESaISt4pairIKS1_S7_EEED2Ev
                0x000000000800c536        0xe build/text_transform.o
                0x000000000800c536                std::map<Colored_text::Text_colors, std::__cxx11::basic_string<char, std::char_traits<char>, std::allocator<char> >, std::less<Colored_text::Text_colors>, std::allocator<std::pair<Colored_text::Text_colors const, std::__cxx11::basic_string<char, std::char_traits<char>, std::allocator<char> > > > >::~map()
                0x000000000800c536                std::map<Colored_text::Text_colors, std::__cxx11::basic_string<char, std::char_traits<char>, std::allocator<char> >, std::less<Colored_text::Text_colors>, std::allocator<std::pair<Colored_text::Text_colors const, std::__cxx11::basic_string<char, std::char_traits<char>, std::allocator<char> > > > >::~map()
 .text._ZNSt7__cxx1112basic_stringIcSt11char_traitsIcESaIcEEC2IS3_EEPKcRKS3_
                0x000000000800c544       0x2a build/text_transform.o
                0x000000000800c544                std::__cxx11::basic_string<char, std::char_traits<char>, std::allocator<char> >::basic_string<std::allocator<char> >(char const*, std::allocator<char> const&)
                0x000000000800c544                std::__cxx11::basic_string<char, std::char_traits<char>, std::allocator<char> >::basic_string<std::allocator<char> >(char const*, std::allocator<char> const&)
 .text._ZNSt8_Rb_treeIN12Colored_text11Text_colorsESt4pairIKS1_NSt7__cxx1112basic_stringIcSt11char_traitsIcESaIcEEEESt10_Select1stISA_ESt4lessIS1_ESaISA_EE24_M_get_insert_unique_posERS3_
                0x000000000800c56e       0x54 build/text_transform.o
                0x000000000800c56e                std::_Rb_tree<Colored_text::Text_colors, std::pair<Colored_text::Text_colors const, std::__cxx11::basic_string<char, std::char_traits<char>, std::allocator<char> > >, std::_Select1st<std::pair<Colored_text::Text_colors const, std::__cxx11::basic_string<char, std::char_traits<char>, std::allocator<char> > > >, std::less<Colored_text::Text_colors>, std::allocator<std::pair<Colored_text::Text_colors const, std::__cxx11::basic_string<char, std::char_traits<char>, std::allocator<char> > > > >::_M_get_insert_unique_pos(Colored_text::Text_colors const&)
 .text._ZNSt8_Rb_treeIN12Colored_text11Text_colorsESt4pairIKS1_NSt7__cxx1112basic_stringIcSt11char_traitsIcESaIcEEEESt10_Select1stISA_ESt4lessIS1_ESaISA_EE29_M_get_insert_hint_unique_posESt23_Rb_tree_const_iteratorISA_ERS3_
                0x000000000800c5c2       0xb6 build/text_transform.o
                0x000000000800c5c2                std::_Rb_tree<Colored_text::Text_colors, std::pair<Colored_text::Text_colors const, std::__cxx11::basic_string<char, std::char_traits<char>, std::allocator<char> > >, std::_Select1st<std::pair<Colored_text::Text_colors const, std::__cxx11::basic_string<char, std::char_traits<char>, std::allocator<char> > > >, std::less<Colored_text::Text_colors>, std::allocator<std::pair<Colored_text::Text_colors const, std::__cxx11::basic_string<char, std::char_traits<char>, std::allocator<char> > > > >::_M_get_insert_hint_unique_pos(std::_Rb_tree_const_iterator<std::pair<Colored_text::Text_colors const, std::__cxx11::basic_string<char, std::char_traits<char>, std::allocator<char> > > >, Colored_text::Text_colors const&)
 .text._ZNSt8_Rb_treeIN12Colored_text11Text_colorsESt4pairIKS1_NSt7__cxx1112basic_stringIcSt11char_traitsIcESaIcEEEESt10_Select1stISA_ESt4lessIS1_ESaISA_EE10_M_insert_IRKSA_NSG_11_Alloc_nodeEEESt17_Rb_tree_iteratorISA_EPSt18_Rb_tree_node_baseSO_OT_RT0_
                0x000000000800c678       0x6a build/text_transform.o
                0x000000000800c678                std::_Rb_tree_iterator<std::pair<Colored_text::Text_colors const, std::__cxx11::basic_string<char, std::char_traits<char>, std::allocator<char> > > > std::_Rb_tree<Colored_text::Text_colors, std::pair<Colored_text::Text_colors const, std::__cxx11::basic_string<char, std::char_traits<char>, std::allocator<char> > >, std::_Select1st<std::pair<Colored_text::Text_colors const, std::__cxx11::basic_string<char, std::char_traits<char>, std::allocator<char> > > >, std::less<Colored_text::Text_colors>, std::allocator<std::pair<Colored_text::Text_colors const, std::__cxx11::basic_string<char, std::char_traits<char>, std::allocator<char> > > > >::_M_insert_<std::pair<Colored_text::Text_colors const, std::__cxx11::basic_string<char, std::char_traits<char>, std::allocator<char> > > const&, std::_Rb_tree<Colored_text::Text_colors, std::pair<Colored_text::Text_colors const, std::__cxx11::basic_string<char, std::char_traits<char>, std::allocator<char> > >, std::_Select1st<std::pair<Colored_text::Text_colors const, std::__cxx11::basic_string<char, std::char_traits<char>, std::allocator<char> > > >, std::less<Colored_text::Text_colors>, std::allocator<std::pair<Colored_text::Text_colors const, std::__cxx11::basic_string<char, std::char_traits<char>, std::allocator<char> > > > >::_Alloc_node>(std::_Rb_tree_node_base*, std::_Rb_tree_node_base*, std::pair<Colored_text::Text_colors const, std::__cxx11::basic_string<char, std::char_traits<char>, std::allocator<char> > > const&, std::_Rb_tree<Colored_text::Text_colors, std::pair<Colored_text::Text_colors const, std::__cxx11::basic_string<char, std::char_traits<char>, std::allocator<char> > >, std::_Select1st<std::pair<Colored_text::Text_colors const, std::__cxx11::basic_string<char, std::char_traits<char>, std::allocator<char> > > >, std::less<Colored_text::Text_colors>, std::allocator<std::pair<Colored_text::Text_colors const, std::__cxx11::basic_string<char, std::char_traits<char>, std::allocator<char> > > > >::_Alloc_node&)
 .text._ZNSt8_Rb_treeIN12Colored_text11Text_colorsESt4pairIKS1_NSt7__cxx1112basic_stringIcSt11char_traitsIcESaIcEEEESt10_Select1stISA_ESt4lessIS1_ESaISA_EE17_M_insert_unique_IRKSA_NSG_11_Alloc_nodeEEESt17_Rb_tree_iteratorISA_ESt23_Rb_tree_const_iteratorISA_EOT_RT0_
                0x000000000800c6e2       0x2e build/text_transform.o
                0x000000000800c6e2                std::_Rb_tree_iterator<std::pair<Colored_text::Text_colors const, std::__cxx11::basic_string<char, std::char_traits<char>, std::allocator<char> > > > std::_Rb_tree<Colored_text::Text_colors, std::pair<Colored_text::Text_colors const, std::__cxx11::basic_string<char, std::char_traits<char>, std::allocator<char> > >, std::_Select1st<std::pair<Colored_text::Text_colors const, std::__cxx11::basic_string<char, std::char_traits<char>, std::allocator<char> > > >, std::less<Colored_text::Text_colors>, std::allocator<std::pair<Colored_text::Text_colors const, std::__cxx11::basic_string<char, std::char_traits<char>, std::allocator<char> > > > >::_M_insert_unique_<std::pair<Colored_text::Text_colors const, std::__cxx11::basic_string<char, std::char_traits<char>, std::allocator<char> > > const&, std::_Rb_tree<Colored_text::Text_colors, std::pair<Colored_text::Text_colors const, std::__cxx11::basic_string<char, std::char_traits<char>, std::allocator<char> > >, std::_Select1st<std::pair<Colored_text::Text_colors const, std::__cxx11::basic_string<char, std::char_traits<char>, std::allocator<char> > > >, std::less<Colored_text::Text_colors>, std::allocator<std::pair<Colored_text::Text_colors const, std::__cxx11::basic_string<char, std::char_traits<char>, std::allocator<char> > > > >::_Alloc_node>(std::_Rb_tree_const_iterator<std::pair<Colored_text::Text_colors const, std::__cxx11::basic_string<char, std::char_traits<char>, std::allocator<char> > > >, std::pair<Colored_text::Text_colors const, std::__cxx11::basic_string<char, std::char_traits<char>, std::allocator<char> > > const&, std::_Rb_tree<Colored_text::Text_colors, std::pair<Colored_text::Text_colors const, std::__cxx11::basic_string<char, std::char_traits<char>, std::allocator<char> > >, std::_Select1st<std::pair<Colored_text::Text_colors const, std::__cxx11::basic_string<char, std::char_traits<char>, std::allocator<char> > > >, std::less<Colored_text::Text_colors>, std::allocator<std::pair<Colored_text::Text_colors const, std::__cxx11::basic_string<char, std::char_traits<char>, std::allocator<char> > > > >::_Alloc_node&)
 .text._Z41__static_initialization_and_destruction_0ii
                0x000000000800c710      0x130 build/text_transform.o
 .text._GLOBAL__sub_I__ZN12Colored_text14Color_sequenceB5cxx11E
                0x000000000800c840        0xe build/text_transform.o
 *fill*         0x000000000800c84e        0x2 
 .text._ZN5TimerC2EP17TIM_HandleTypeDef
                0x000000000800c850       0x50 build/timer.o
                0x000000000800c850                Timer::Timer(TIM_HandleTypeDef*)
                0x000000000800c850                Timer::Timer(TIM_HandleTypeDef*)
 .text._ZN5Timer12Optimize_forEi
                0x000000000800c8a0       0x52 build/timer.o
                0x000000000800c8a0                Timer::Optimize_for(int)
 *fill*         0x000000000800c8f2        0x6 
 .text._ZN5Timer8Time_setEfb
                0x000000000800c8f8       0x68 build/timer.o
                0x000000000800c8f8                Timer::Time_set(float, bool)
 .text._ZN5Timer4StopEv
                0x000000000800c960       0x1c build/timer.o
                0x000000000800c960                Timer::Stop()
 .text._ZNSt6vectorI11TIM_channelSaIS0_EE17_M_realloc_insertIJS0_EEEvN9__gnu_cxx17__normal_iteratorIPS0_S2_EEDpOT_
                0x000000000800c97c       0xe4 build/timer.o
                0x000000000800c97c                void std::vector<TIM_channel, std::allocator<TIM_channel> >::_M_realloc_insert<TIM_channel>(__gnu_cxx::__normal_iterator<TIM_channel*, std::vector<TIM_channel, std::allocator<TIM_channel> > >, TIM_channel&&)
 .text._ZNSt6vectorI11TIM_channelSaIS0_EE12emplace_backIJS0_EEERS0_DpOT_
                0x000000000800ca60       0x28 build/timer.o
                0x000000000800ca60                TIM_channel& std::vector<TIM_channel, std::allocator<TIM_channel> >::emplace_back<TIM_channel>(TIM_channel&&)
 .text._ZN5TimerC2EP17TIM_HandleTypeDefii
                0x000000000800ca88       0x4a build/timer.o
                0x000000000800ca88                Timer::Timer(TIM_HandleTypeDef*, int, int)
                0x000000000800ca88                Timer::Timer(TIM_HandleTypeDef*, int, int)
 .text._ZN11TIM_channelC2EP5Timerm
                0x000000000800cad2        0x6 build/TIM_channel.o
                0x000000000800cad2                TIM_channel::TIM_channel(Timer*, unsigned long)
                0x000000000800cad2                TIM_channel::TIM_channel(Timer*, unsigned long)
 .text._ZN12IRQ_observerI6TaskerED2Ev